 ai

 Timestamp is 6572017f (Thu Dec  7 10:31:43 2023)

 Preferred load address is 0000000140000000

 Start         Length     Name                   Class
 0001:00000000 00009448H .text                   CODE
 0001:00009448 00000068H .text$di                CODE
 0001:000094b0 00024c00H .text$mn                CODE
 0001:0002e0b0 00000040H .text$mn$00             CODE
 0001:0002e0f0 000007b0H .text$x                 CODE
 0001:0002e8a0 000000f4H .text$yd                CODE
 0002:00000000 000002f0H .idata$5                DATA
 0002:000002f0 00000038H .00cfg                  DATA
 0002:00000328 00000008H .CRT$XCA                DATA
 0002:00000330 00000008H .CRT$XCAA               DATA
 0002:00000338 00000018H .CRT$XCC                DATA
 0002:00000350 00000010H .CRT$XCL                DATA
 0002:00000360 00000008H .CRT$XCU                DATA
 0002:00000368 00000008H .CRT$XCZ                DATA
 0002:00000370 00000008H .CRT$XIA                DATA
 0002:00000378 00000008H .CRT$XIAA               DATA
 0002:00000380 00000008H .CRT$XIAC               DATA
 0002:00000388 00000030H .CRT$XIC                DATA
 0002:000003b8 00000008H .CRT$XIZ                DATA
 0002:000003c0 00000008H .CRT$XLA                DATA
 0002:000003c8 00000008H .CRT$XLZ                DATA
 0002:000003d0 00000008H .CRT$XPA                DATA
 0002:000003d8 00000010H .CRT$XPX                DATA
 0002:000003e8 00000008H .CRT$XPXA               DATA
 0002:000003f0 00000008H .CRT$XPZ                DATA
 0002:000003f8 00000008H .CRT$XTA                DATA
 0002:00000400 00000020H .CRT$XTZ                DATA
 0002:00000408 00000000H .gehcont$y              DATA
 0002:00000408 00000000H .gfids$y                DATA
 0002:00000420 0000be60H .rdata                  DATA
 0002:0000c280 00000000H .rdata$CastGuardVftablesA DATA
 0002:0000c280 00000000H .rdata$CastGuardVftablesC DATA
 0002:0000c280 00000028H .rdata$T                DATA
 0002:0000c2a8 0000028cH .rdata$r                DATA
 0002:0000c534 00000438H .rdata$voltmd           DATA
 0002:0000c96c 000003dcH .rdata$zzzdbg           DATA
 0002:0000cd48 00000008H .rtc$IAA                DATA
 0002:0000cd50 00000008H .rtc$IZZ                DATA
 0002:0000cd58 00000008H .rtc$TAA                DATA
 0002:0000cd60 00000008H .rtc$TZZ                DATA
 0002:0000cd68 00000004H .tls                    DATA
 0002:0000cd6c 00000004H .tls$                   DATA
 0002:0000cd70 00000010H .tls$ZZZ                DATA
 0002:0000cd80 00004558H .xdata                  DATA
 0002:000112d8 0000015cH .xdata$x                DATA
 0002:00011434 00000000H .edata                  DATA
 0002:00011434 00000014H .idata$2                DATA
 0002:00011448 00000018H .idata$3                DATA
 0002:00011460 000002f0H .idata$4                DATA
 0002:00011750 000006e8H .idata$6                DATA
 0003:00000000 000012c0H .data                   DATA
 0003:000012c0 00000080H .data$r                 DATA
 0003:00001340 00000050H .data$rs                DATA
 0003:00001390 00001a74H .bss                    DATA
 0004:00000000 00002b8cH .pdata                  DATA
 0005:00000000 0000015cH _RDATA                  DATA

  Address         Publics by Value              Rva+Base               Lib:Object

 0000:00000000       __AbsoluteZero             0000000000000000     <absolute>
 0000:00000000       ___safe_se_handler_count   0000000000000000     <absolute>
 0000:00000000       ___safe_se_handler_table   0000000000000000     <absolute>
 0000:00000000       __arm64x_extra_rfe_table   0000000000000000     <absolute>
 0000:00000000       __arm64x_extra_rfe_table_size 0000000000000000     <absolute>
 0000:00000000       __arm64x_native_entrypoint 0000000000000000     <absolute>
 0000:00000000       __arm64x_redirection_metadata 0000000000000000     <absolute>
 0000:00000000       __arm64x_redirection_metadata_count 0000000000000000     <absolute>
 0000:00000000       __dynamic_value_reloc_table 0000000000000000     <absolute>
 0000:00000000       __enclave_config           0000000000000000     <absolute>
 0000:00000000       __guard_check_icall_a64n_fptr 0000000000000000     <absolute>
 0000:00000000       __guard_eh_cont_count      0000000000000000     <absolute>
 0000:00000000       __guard_eh_cont_table      0000000000000000     <absolute>
 0000:00000000       __guard_fids_count         0000000000000000     <absolute>
 0000:00000000       __guard_fids_table         0000000000000000     <absolute>
 0000:00000000       __guard_iat_count          0000000000000000     <absolute>
 0000:00000000       __guard_iat_table          0000000000000000     <absolute>
 0000:00000000       __guard_longjmp_count      0000000000000000     <absolute>
 0000:00000000       __guard_longjmp_table      0000000000000000     <absolute>
 0000:00000000       __hybrid_auxiliary_delayload_iat 0000000000000000     <absolute>
 0000:00000000       __hybrid_auxiliary_delayload_iat_copy 0000000000000000     <absolute>
 0000:00000000       __hybrid_auxiliary_iat     0000000000000000     <absolute>
 0000:00000000       __hybrid_auxiliary_iat_copy 0000000000000000     <absolute>
 0000:00000000       __hybrid_code_map          0000000000000000     <absolute>
 0000:00000000       __hybrid_code_map_count    0000000000000000     <absolute>
 0000:00000000       __hybrid_image_info_bitfield 0000000000000000     <absolute>
 0000:00000000       __x64_code_ranges_to_entry_points 0000000000000000     <absolute>
 0000:00000000       __x64_code_ranges_to_entry_points_count 0000000000000000     <absolute>
 0000:00000100       __guard_flags              0000000000000100     <absolute>
 0000:00000000       __ImageBase                0000000140000000     <linker-defined>
 0001:00000000       main                       0000000140001000 f   main-b319c7.o
 0001:00000020       ?mainLoop@MainApp@@QEAAHXZ 0000000140001020 f   MainApp-302610.o
 0001:00000150       catchFpeSignal             0000000140001150 f   Signals-d0fc7b.o
 0001:00000190       catchControlCSignal        0000000140001190 f   Signals-d0fc7b.o
 0001:000001e0       catchIllegalOpSignal       00000001400011e0 f   Signals-d0fc7b.o
 0001:00000220       catchBadMemSignal          0000000140001220 f   Signals-d0fc7b.o
 0001:00000260       ?setupFpeSignal@Signals@@SAXXZ 0000000140001260 f   Signals-d0fc7b.o
 0001:000002a0       ?getControlCSignal@Signals@@SA_NXZ 00000001400012a0 f   Signals-d0fc7b.o
 0001:000002b0       ?setupControlCSignal@Signals@@SAXXZ 00000001400012b0 f   Signals-d0fc7b.o
 0001:00000300       ?setupIllegalOpSignal@Signals@@SAXXZ 0000000140001300 f   Signals-d0fc7b.o
 0001:00000340       ?setupBadMemSignal@Signals@@SAXXZ 0000000140001340 f   Signals-d0fc7b.o
 0001:00000380       ??0TimeApi@@QEAA@XZ        0000000140001380 f   TimeApiWin-63fccf.o
 0001:00000420       ?setNow@TimeApi@@QEAAXXZ   0000000140001420 f   TimeApiWin-63fccf.o
 0001:000004b0       ?getSecondsNow@TimeApi@@SA_JXZ 00000001400014b0 f   TimeApiWin-63fccf.o
 0001:000004d0       ?diffSec@TimeApi@@QEAA_JAEAV1@@Z 00000001400014d0 f   TimeApiWin-63fccf.o
 0001:000004e0       ?timeCBuf@TimeApi@@QEAAXAEAVCharBuf@@@Z 00000001400014e0 f   TimeApiWin-63fccf.o
 0001:00000800       ??0CharBuf@@QEAA@PEBD@Z    0000000140001800 f   CharBuf-f46a23.o
 0001:00000890       ?setFromCharPoint@CharBuf@@QEAAXPEBD@Z 0000000140001890 f   CharBuf-f46a23.o
 0001:000009e0       ?setSize@CharBuf@@QEAAXH@Z 00000001400019e0 f   CharBuf-f46a23.o
 0001:00000a50       ?setFromInt64@CharBuf@@QEAAX_J@Z 0000000140001a50 f   CharBuf-f46a23.o
 0001:00000df0       ?appendChar@CharBuf@@QEAAXD@Z 0000000140001df0 f   CharBuf-f46a23.o
 0001:00000e70       ?setFromUint64@CharBuf@@QEAAX_K@Z 0000000140001e70 f   CharBuf-f46a23.o
 0001:000011a0       ??0CharBuf@@QEAA@AEBV0@@Z  00000001400021a0 f   CharBuf-f46a23.o
 0001:00001240       ?increaseSize@CharBuf@@AEAAXH@Z 0000000140002240 f   CharBuf-f46a23.o
 0001:00001250       ?appendU8@CharBuf@@QEAAXI@Z 0000000140002250 f   CharBuf-f46a23.o
 0001:000012d0       ?appendU16@CharBuf@@QEAAXI@Z 00000001400022d0 f   CharBuf-f46a23.o
 0001:00001380       ?appendU32@CharBuf@@QEAAXI@Z 0000000140002380 f   CharBuf-f46a23.o
 0001:00001500       ?appendU64@CharBuf@@QEAAX_K@Z 0000000140002500 f   CharBuf-f46a23.o
 0001:000017f0       ?getU32@CharBuf@@QEBAIH@Z  00000001400027f0 f   CharBuf-f46a23.o
 0001:000018b0       ?getU64@CharBuf@@QEBA_KH@Z 00000001400028b0 f   CharBuf-f46a23.o
 0001:00001a40       ?get24Bits@CharBuf@@QEBAIH@Z 0000000140002a40 f   CharBuf-f46a23.o
 0001:00001ad0       ?get16Bits@CharBuf@@QEBAIH@Z 0000000140002ad0 f   CharBuf-f46a23.o
 0001:00001b50       ?append24Bits@CharBuf@@QEAAXI@Z 0000000140002b50 f   CharBuf-f46a23.o
 0001:00001c80       ?appendCharArray@CharBuf@@QEAAXAEBVByteArray@@H@Z 0000000140002c80 f   CharBuf-f46a23.o
 0001:00001d50       ?appendCharBuf@CharBuf@@QEAAXAEBV1@@Z 0000000140002d50 f   CharBuf-f46a23.o
 0001:00001e30       ?copy@CharBuf@@QEAAXAEBV1@@Z 0000000140002e30 f   CharBuf-f46a23.o
 0001:00001e50       ?copyToCharArray@CharBuf@@QEAAXAEAVByteArray@@@Z 0000000140002e50 f   CharBuf-f46a23.o
 0001:00001f40       ?copyToOpenCharArrayNoNull@CharBuf@@QEBAXAEAVOpenCharArray@@@Z 0000000140002f40 f   CharBuf-f46a23.o
 0001:00002030       ?copyToOpenCharArrayNull@CharBuf@@QEBAXAEAVOpenCharArray@@@Z 0000000140003030 f   CharBuf-f46a23.o
 0001:00002170       ?copyFromOpenCharArrayNoNull@CharBuf@@QEAAXAEBVOpenCharArray@@@Z 0000000140003170 f   CharBuf-f46a23.o
 0001:00002290       ?copyFromOpenCharArrayNull@CharBuf@@QEAAXAEBVOpenCharArray@@@Z 0000000140003290 f   CharBuf-f46a23.o
 0001:00002400       ?testBasics@CharBuf@@QEAAXXZ 0000000140003400 f   CharBuf-f46a23.o
 0001:00002490       ?findChar@CharBuf@@QEAAHHD@Z 0000000140003490 f   CharBuf-f46a23.o
 0001:00002510       ?isEqual@CharBuf@@QEBA_NAEBV1@@Z 0000000140003510 f   CharBuf-f46a23.o
 0001:000025e0       ?appendCharPt@CharBuf@@QEAAXPEBD@Z 00000001400035e0 f   CharBuf-f46a23.o
 0001:00002720       ?reverse@CharBuf@@QEAAXXZ  0000000140003720 f   CharBuf-f46a23.o
 0001:00002950       ?showHex@CharBuf@@QEBAXXZ  0000000140003950 f   CharBuf-f46a23.o
 0001:00002a00       ?setFromHexTo256@CharBuf@@QEAAXAEBV1@@Z 0000000140003a00 f   CharBuf-f46a23.o
 0001:00002fe0       ?increaseSize@ByteArray@@QEAAXH@Z 0000000140003fe0 f i CharBuf-f46a23.o
 0001:000031a0       ?copy@ByteArray@@QEAAXAEBV1@HH@Z 00000001400041a0 f i CharBuf-f46a23.o
 0001:00003310       ?writeAll@FileIO@@SA_NPEBDAEBVCharBuf@@@Z 0000000140004310 f   FileIO-aaeb1a.o
 0001:00003590       ?readAll@FileIO@@SA_NPEBDAEAVCharBuf@@@Z 0000000140004590 f   FileIO-aaeb1a.o
 0001:00003950       ?exists@FileIO@@SA_NPEBD@Z 0000000140004950 f   FileIO-aaeb1a.o
 0001:00003a60       ?copy@FileIO@@SA_NPEBD0@Z  0000000140004a60 f   FileIO-aaeb1a.o
 0001:00003b60       ??0?$basic_ofstream@DU?$char_traits@D@std@@@std@@QEAA@PEBDHH@Z 0000000140004b60 f i FileIO-aaeb1a.o
 0001:00003e80       ?write@?$basic_ostream@DU?$char_traits@D@std@@@std@@QEAAAEAV12@PEBD_J@Z 0000000140004e80 f i FileIO-aaeb1a.o
 0001:000040f0       ??_D?$basic_ofstream@DU?$char_traits@D@std@@@std@@QEAAXXZ 00000001400050f0 f i FileIO-aaeb1a.o
 0001:00004180       ??0?$basic_ifstream@DU?$char_traits@D@std@@@std@@QEAA@PEBDHH@Z 0000000140005180 f i FileIO-aaeb1a.o
 0001:000044a0       ?seekg@?$basic_istream@DU?$char_traits@D@std@@@std@@QEAAAEAV12@_JH@Z 00000001400054a0 f i FileIO-aaeb1a.o
 0001:00004760       ?tellg@?$basic_istream@DU?$char_traits@D@std@@@std@@QEAA?AV?$fpos@U_Mbstatet@@@2@XZ 0000000140005760 f i FileIO-aaeb1a.o
 0001:000048f0       ?seekg@?$basic_istream@DU?$char_traits@D@std@@@std@@QEAAAEAV12@V?$fpos@U_Mbstatet@@@2@@Z 00000001400058f0 f i FileIO-aaeb1a.o
 0001:00004bb0       ?read@?$basic_istream@DU?$char_traits@D@std@@@std@@QEAAAEAV12@PEAD_J@Z 0000000140005bb0 f i FileIO-aaeb1a.o
 0001:00004de0       ??_D?$basic_ifstream@DU?$char_traits@D@std@@@std@@QEAAXXZ 0000000140005de0 f i FileIO-aaeb1a.o
 0001:00004e70       ??__E?id@?$codecvt@DDU_Mbstatet@@@std@@2V0locale@2@A@@YAXXZ 0000000140005e70 f i FileIO-aaeb1a.o
 0001:00004e80       ??1?$basic_filebuf@DU?$char_traits@D@std@@@std@@UEAA@XZ 0000000140005e80 f i FileIO-aaeb1a.o
 0001:00004f60       ??_E?$basic_ofstream@DU?$char_traits@D@std@@@std@@$4PPPPPPPM@A@EAAPEAXI@Z 0000000140005f60 f i FileIO-aaeb1a.o
 0001:00005030       ?close@?$basic_filebuf@DU?$char_traits@D@std@@@std@@QEAAPEAV12@XZ 0000000140006030 f i FileIO-aaeb1a.o
 0001:000051a0       ??_G?$basic_filebuf@DU?$char_traits@D@std@@@std@@UEAAPEAXI@Z 00000001400061a0 f i FileIO-aaeb1a.o
 0001:000051d0       ?_Lock@?$basic_filebuf@DU?$char_traits@D@std@@@std@@UEAAXXZ 00000001400061d0 f i FileIO-aaeb1a.o
 0001:000051f0       ?_Unlock@?$basic_filebuf@DU?$char_traits@D@std@@@std@@UEAAXXZ 00000001400061f0 f i FileIO-aaeb1a.o
 0001:00005210       ?overflow@?$basic_filebuf@DU?$char_traits@D@std@@@std@@MEAAHH@Z 0000000140006210 f i FileIO-aaeb1a.o
 0001:000053a0       ?pbackfail@?$basic_filebuf@DU?$char_traits@D@std@@@std@@MEAAHH@Z 00000001400063a0 f i FileIO-aaeb1a.o
 0001:00005490       ?showmanyc@?$basic_streambuf@DU?$char_traits@D@std@@@std@@MEAA_JXZ 0000000140006490 f i FileIO-aaeb1a.o
 0001:00005490       ?sync@?$basic_streambuf@DU?$char_traits@D@std@@@std@@MEAAHXZ 0000000140006490 f i FileIO-aaeb1a.o
 0001:000054a0       ?underflow@?$basic_filebuf@DU?$char_traits@D@std@@@std@@MEAAHXZ 00000001400064a0 f i FileIO-aaeb1a.o
 0001:000054f0       ?uflow@?$basic_filebuf@DU?$char_traits@D@std@@@std@@MEAAHXZ 00000001400064f0 f i FileIO-aaeb1a.o
 0001:00005850       ?xsgetn@?$basic_filebuf@DU?$char_traits@D@std@@@std@@MEAA_JPEAD_J@Z 0000000140006850 f i FileIO-aaeb1a.o
 0001:00005a10       ?xsputn@?$basic_filebuf@DU?$char_traits@D@std@@@std@@MEAA_JPEBD_J@Z 0000000140006a10 f i FileIO-aaeb1a.o
 0001:00005b50       ?seekoff@?$basic_filebuf@DU?$char_traits@D@std@@@std@@MEAA?AV?$fpos@U_Mbstatet@@@2@_JHH@Z 0000000140006b50 f i FileIO-aaeb1a.o
 0001:00005cd0       ?seekpos@?$basic_filebuf@DU?$char_traits@D@std@@@std@@MEAA?AV?$fpos@U_Mbstatet@@@2@V32@H@Z 0000000140006cd0 f i FileIO-aaeb1a.o
 0001:00005e20       ?setbuf@?$basic_filebuf@DU?$char_traits@D@std@@@std@@MEAAPEAV?$basic_streambuf@DU?$char_traits@D@std@@@2@PEAD_J@Z 0000000140006e20 f i FileIO-aaeb1a.o
 0001:00005f60       ?sync@?$basic_filebuf@DU?$char_traits@D@std@@@std@@MEAAHXZ 0000000140006f60 f i FileIO-aaeb1a.o
 0001:00005fa0       ?imbue@?$basic_filebuf@DU?$char_traits@D@std@@@std@@MEAAXAEBVlocale@2@@Z 0000000140006fa0 f i FileIO-aaeb1a.o
 0001:00006020       ??_G?$basic_streambuf@DU?$char_traits@D@std@@@std@@UEAAPEAXI@Z 0000000140007020 f i FileIO-aaeb1a.o
 0001:00006080       ?_Lock@?$basic_streambuf@DU?$char_traits@D@std@@@std@@UEAAXXZ 0000000140007080 f i FileIO-aaeb1a.o
 0001:00006080       ?_Unlock@?$basic_streambuf@DU?$char_traits@D@std@@@std@@UEAAXXZ 0000000140007080 f i FileIO-aaeb1a.o
 0001:00006080       ?imbue@?$basic_streambuf@DU?$char_traits@D@std@@@std@@MEAAXAEBVlocale@2@@Z 0000000140007080 f i FileIO-aaeb1a.o
 0001:00006090       ?overflow@?$basic_streambuf@DU?$char_traits@D@std@@@std@@MEAAHH@Z 0000000140007090 f i FileIO-aaeb1a.o
 0001:00006090       ?pbackfail@?$basic_streambuf@DU?$char_traits@D@std@@@std@@MEAAHH@Z 0000000140007090 f i FileIO-aaeb1a.o
 0001:00006090       ?underflow@?$basic_streambuf@DU?$char_traits@D@std@@@std@@MEAAHXZ 0000000140007090 f i FileIO-aaeb1a.o
 0001:000060a0       ?uflow@?$basic_streambuf@DU?$char_traits@D@std@@@std@@MEAAHXZ 00000001400070a0 f i FileIO-aaeb1a.o
 0001:000060f0       ?xsgetn@?$basic_streambuf@DU?$char_traits@D@std@@@std@@MEAA_JPEAD_J@Z 00000001400070f0 f i FileIO-aaeb1a.o
 0001:000061b0       ?xsputn@?$basic_streambuf@DU?$char_traits@D@std@@@std@@MEAA_JPEBD_J@Z 00000001400071b0 f i FileIO-aaeb1a.o
 0001:00006270       ?seekoff@?$basic_streambuf@DU?$char_traits@D@std@@@std@@MEAA?AV?$fpos@U_Mbstatet@@@2@_JHH@Z 0000000140007270 f i FileIO-aaeb1a.o
 0001:00006270       ?seekpos@?$basic_streambuf@DU?$char_traits@D@std@@@std@@MEAA?AV?$fpos@U_Mbstatet@@@2@V32@H@Z 0000000140007270 f i FileIO-aaeb1a.o
 0001:00006290       ?setbuf@?$basic_streambuf@DU?$char_traits@D@std@@@std@@MEAAPEAV12@PEAD_J@Z 0000000140007290 f i FileIO-aaeb1a.o
 0001:000062a0       ??1?$basic_string@DU?$char_traits@D@std@@V?$allocator@D@2@@std@@QEAA@XZ 00000001400072a0 f i FileIO-aaeb1a.o
 0001:00006330       ??$_Reallocate_grow_by@V<lambda_1>@?0??push_back@?$basic_string@DU?$char_traits@D@std@@V?$allocator@D@2@@std@@QEAAXD@Z@D@?$basic_string@DU?$char_traits@D@std@@V?$allocator@D@2@@std@@AEAAAEAV01@_KV<lambda_1>@?0??push_back@01@QEAAXD@Z@D@Z 0000000140007330 f i FileIO-aaeb1a.o
 0001:000064c0       ?_Xlen_string@std@@YAXXZ   00000001400074c0 f i FileIO-aaeb1a.o
 0001:000064e0       ?_Throw_bad_array_new_length@std@@YAXXZ 00000001400074e0 f i FileIO-aaeb1a.o
 0001:00006520       ??0bad_array_new_length@std@@QEAA@AEBV01@@Z 0000000140007520 f i FileIO-aaeb1a.o
 0001:00006590       ??0bad_alloc@std@@QEAA@AEBV01@@Z 0000000140007590 f i FileIO-aaeb1a.o
 0001:00006600       ??0exception@std@@QEAA@AEBV01@@Z 0000000140007600 f i FileIO-aaeb1a.o
 0001:00006670       ??_E_System_error@std@@UEAAPEAXI@Z 0000000140007670 f i FileIO-aaeb1a.o
 0001:00006670       ??_Ebad_alloc@std@@UEAAPEAXI@Z 0000000140007670 f i FileIO-aaeb1a.o
 0001:00006670       ??_Ebad_array_new_length@std@@UEAAPEAXI@Z 0000000140007670 f i FileIO-aaeb1a.o
 0001:00006670       ??_Ebad_cast@std@@UEAAPEAXI@Z 0000000140007670 f i FileIO-aaeb1a.o
 0001:00006670       ??_Eexception@std@@UEAAPEAXI@Z 0000000140007670 f i FileIO-aaeb1a.o
 0001:00006670       ??_Efailure@ios_base@std@@UEAAPEAXI@Z 0000000140007670 f i FileIO-aaeb1a.o
 0001:00006670       ??_Eruntime_error@std@@UEAAPEAXI@Z 0000000140007670 f i FileIO-aaeb1a.o
 0001:00006670       ??_Esystem_error@std@@UEAAPEAXI@Z 0000000140007670 f i FileIO-aaeb1a.o
 0001:00006670       ??_G_System_error@std@@UEAAPEAXI@Z 0000000140007670 f i FileIO-aaeb1a.o
 0001:00006670       ??_Gbad_alloc@std@@UEAAPEAXI@Z 0000000140007670 f i FileIO-aaeb1a.o
 0001:00006670       ??_Gbad_array_new_length@std@@UEAAPEAXI@Z 0000000140007670 f i FileIO-aaeb1a.o
 0001:00006670       ??_Gbad_cast@std@@UEAAPEAXI@Z 0000000140007670 f i FileIO-aaeb1a.o
 0001:00006670       ??_Gexception@std@@UEAAPEAXI@Z 0000000140007670 f i FileIO-aaeb1a.o
 0001:00006670       ??_Gfailure@ios_base@std@@UEAAPEAXI@Z 0000000140007670 f i FileIO-aaeb1a.o
 0001:00006670       ??_Gruntime_error@std@@UEAAPEAXI@Z 0000000140007670 f i FileIO-aaeb1a.o
 0001:00006670       ??_Gsystem_error@std@@UEAAPEAXI@Z 0000000140007670 f i FileIO-aaeb1a.o
 0001:000066e0       ?what@exception@std@@UEBAPEBDXZ 00000001400076e0 f i FileIO-aaeb1a.o
 0001:00006700       ??$use_facet@V?$codecvt@DDU_Mbstatet@@@std@@@std@@YAAEBV?$codecvt@DDU_Mbstatet@@@0@AEBVlocale@0@@Z 0000000140007700 f i FileIO-aaeb1a.o
 0001:000068f0       ?_Throw_bad_cast@std@@YAXXZ 00000001400078f0 f i FileIO-aaeb1a.o
 0001:00006930       ??0_Locinfo@std@@QEAA@PEBD@Z 0000000140007930 f i FileIO-aaeb1a.o
 0001:00006a90       ??1_Locinfo@std@@QEAA@XZ   0000000140007a90 f i FileIO-aaeb1a.o
 0001:00006b60       ??_E?$codecvt@DDU_Mbstatet@@@std@@MEAAPEAXI@Z 0000000140007b60 f i FileIO-aaeb1a.o
 0001:00006b60       ??_E_Iostream_error_category2@std@@UEAAPEAXI@Z 0000000140007b60 f i FileIO-aaeb1a.o
 0001:00006b60       ??_G?$codecvt@DDU_Mbstatet@@@std@@MEAAPEAXI@Z 0000000140007b60 f i FileIO-aaeb1a.o
 0001:00006b60       ??_G_Iostream_error_category2@std@@UEAAPEAXI@Z 0000000140007b60 f i FileIO-aaeb1a.o
 0001:00006b80       ?_Incref@facet@locale@std@@UEAAXXZ 0000000140007b80 f i FileIO-aaeb1a.o
 0001:00006b90       ?_Decref@facet@locale@std@@UEAAPEAV_Facet_base@3@XZ 0000000140007b90 f i FileIO-aaeb1a.o
 0001:00006ba0       ?do_always_noconv@?$codecvt@DDU_Mbstatet@@@std@@MEBA_NXZ 0000000140007ba0 f i FileIO-aaeb1a.o
 0001:00006ba0       __acrt_uninitialize_command_line 0000000140007ba0 f i libucrt:argv_data.obj
 0001:00006ba0       _should_initialize_environment 0000000140007ba0 f i libcmt:env_mode.obj
 0001:00006bb0       ?do_encoding@codecvt_base@std@@MEBAHXZ 0000000140007bb0 f i FileIO-aaeb1a.o
 0001:00006bb0       ?do_max_length@codecvt_base@std@@MEBAHXZ 0000000140007bb0 f i FileIO-aaeb1a.o
 0001:00006bb0       _get_startup_argv_mode     0000000140007bb0 f i libcmt:argv_mode.obj
 0001:00006bc0       ?do_in@?$codecvt@DDU_Mbstatet@@@std@@MEBAHAEAU_Mbstatet@@PEBD1AEAPEBDPEAD3AEAPEAD@Z 0000000140007bc0 f i FileIO-aaeb1a.o
 0001:00006bc0       ?do_out@?$codecvt@DDU_Mbstatet@@@std@@MEBAHAEAU_Mbstatet@@PEBD1AEAPEBDPEAD3AEAPEAD@Z 0000000140007bc0 f i FileIO-aaeb1a.o
 0001:00006be0       ?do_unshift@?$codecvt@DDU_Mbstatet@@@std@@MEBAHAEAU_Mbstatet@@PEAD1AEAPEAD@Z 0000000140007be0 f i FileIO-aaeb1a.o
 0001:00006bf0       ?do_length@?$codecvt@DDU_Mbstatet@@@std@@MEBAHAEAU_Mbstatet@@PEBD1_K@Z 0000000140007bf0 f i FileIO-aaeb1a.o
 0001:00006c10       ??_E_Facet_base@std@@UEAAPEAXI@Z 0000000140007c10 f i FileIO-aaeb1a.o
 0001:00006c10       ??_G_Facet_base@std@@UEAAPEAXI@Z 0000000140007c10 f i FileIO-aaeb1a.o
 0001:00006c20       ??0bad_cast@std@@QEAA@AEBV01@@Z 0000000140007c20 f i FileIO-aaeb1a.o
 0001:00006c90       ??_G?$basic_ios@DU?$char_traits@D@std@@@std@@UEAAPEAXI@Z 0000000140007c90 f i FileIO-aaeb1a.o
 0001:00006c90       ??_Gios_base@std@@UEAAPEAXI@Z 0000000140007c90 f i FileIO-aaeb1a.o
 0001:00006cf0       ??_E?$basic_ifstream@DU?$char_traits@D@std@@@std@@$4PPPPPPPM@A@EAAPEAXI@Z 0000000140007cf0 f i FileIO-aaeb1a.o
 0001:00006dc0       ?open@?$basic_filebuf@DU?$char_traits@D@std@@@std@@QEAAPEAV12@PEBDHH@Z 0000000140007dc0 f i FileIO-aaeb1a.o
 0001:00006fe0       ?setstate@?$basic_ios@DU?$char_traits@D@std@@@std@@QEAAXH_N@Z 0000000140007fe0 f i FileIO-aaeb1a.o
 0001:00007080       ?init@?$basic_ios@DU?$char_traits@D@std@@@std@@IEAAXPEAV?$basic_streambuf@DU?$char_traits@D@std@@@2@_N@Z 0000000140008080 f i FileIO-aaeb1a.o
 0001:00007230       ??_E?$basic_ostream@DU?$char_traits@D@std@@@std@@$4PPPPPPPM@A@EAAPEAXI@Z 0000000140008230 f i FileIO-aaeb1a.o
 0001:000072b0       ?make_error_code@std@@YA?AVerror_code@1@W4io_errc@1@@Z 00000001400082b0 f i FileIO-aaeb1a.o
 0001:00007330       ??0failure@ios_base@std@@QEAA@PEBDAEBVerror_code@2@@Z 0000000140008330 f i FileIO-aaeb1a.o
 0001:00007370       ??0failure@ios_base@std@@QEAA@AEBV012@@Z 0000000140008370 f i FileIO-aaeb1a.o
 0001:000073f0       ??0system_error@std@@QEAA@AEBV01@@Z 00000001400083f0 f i FileIO-aaeb1a.o
 0001:00007470       ??0_System_error@std@@QEAA@AEBV01@@Z 0000000140008470 f i FileIO-aaeb1a.o
 0001:000074f0       ??0runtime_error@std@@QEAA@AEBV01@@Z 00000001400084f0 f i FileIO-aaeb1a.o
 0001:00007560       ??1exception@std@@UEAA@XZ  0000000140008560 f i FileIO-aaeb1a.o
 0001:000075b0       ?name@_Iostream_error_category2@std@@UEBAPEBDXZ 00000001400085b0 f i FileIO-aaeb1a.o
 0001:000075c0       ?message@_Iostream_error_category2@std@@UEBA?AV?$basic_string@DU?$char_traits@D@std@@V?$allocator@D@2@@2@H@Z 00000001400085c0 f i FileIO-aaeb1a.o
 0001:00007700       ?default_error_condition@error_category@std@@UEBA?AVerror_condition@2@H@Z 0000000140008700 f i FileIO-aaeb1a.o
 0001:00007710       ?equivalent@error_category@std@@UEBA_NAEBVerror_code@2@H@Z 0000000140008710 f i FileIO-aaeb1a.o
 0001:00007730       ?equivalent@error_category@std@@UEBA_NHAEBVerror_condition@2@@Z 0000000140008730 f i FileIO-aaeb1a.o
 0001:00007770       ??0system_error@std@@QEAA@Verror_code@1@PEBD@Z 0000000140008770 f i FileIO-aaeb1a.o
 0001:00007910       ??0_System_error@std@@IEAA@Verror_code@1@AEBV?$basic_string@DU?$char_traits@D@std@@V?$allocator@D@2@@1@@Z 0000000140008910 f i FileIO-aaeb1a.o
 0001:00007ad0       ?_Makestr@_System_error@std@@CA?AV?$basic_string@DU?$char_traits@D@std@@V?$allocator@D@2@@2@Verror_code@2@V32@@Z 0000000140008ad0 f i FileIO-aaeb1a.o
 0001:00007cc0       ??$_Reallocate_grow_by@V<lambda_1>@?0??append@?$basic_string@DU?$char_traits@D@std@@V?$allocator@D@2@@std@@QEAAAEAV34@QEBD_K@Z@PEBD_K@?$basic_string@DU?$char_traits@D@std@@V?$allocator@D@2@@std@@AEAAAEAV01@_KV<lambda_1>@?0??append@01@QEAAAEAV01@QEBD0@Z@PEBD_K@Z 0000000140008cc0 f i FileIO-aaeb1a.o
 0001:00007e70       ??$use_facet@V?$ctype@D@std@@@std@@YAAEBV?$ctype@D@0@AEBVlocale@0@@Z 0000000140008e70 f i FileIO-aaeb1a.o
 0001:00008000       ?_Getcat@?$ctype@D@std@@SA_KPEAPEBVfacet@locale@2@PEBV42@@Z 0000000140009000 f i FileIO-aaeb1a.o
 0001:00008110       ??_E?$ctype@D@std@@MEAAPEAXI@Z 0000000140009110 f i FileIO-aaeb1a.o
 0001:00008110       ??_G?$ctype@D@std@@MEAAPEAXI@Z 0000000140009110 f i FileIO-aaeb1a.o
 0001:00008170       ?do_tolower@?$ctype@D@std@@MEBAPEBDPEADPEBD@Z 0000000140009170 f i FileIO-aaeb1a.o
 0001:000081c0       ?do_tolower@?$ctype@D@std@@MEBADD@Z 00000001400091c0 f i FileIO-aaeb1a.o
 0001:000081d0       ?do_toupper@?$ctype@D@std@@MEBAPEBDPEADPEBD@Z 00000001400091d0 f i FileIO-aaeb1a.o
 0001:00008220       ?do_toupper@?$ctype@D@std@@MEBADD@Z 0000000140009220 f i FileIO-aaeb1a.o
 0001:00008230       ?do_widen@?$ctype@D@std@@MEBAPEBDPEBD0PEAD@Z 0000000140009230 f i FileIO-aaeb1a.o
 0001:00008250       ?do_narrow@?$ctype@D@std@@MEBADDD@Z 0000000140009250 f i FileIO-aaeb1a.o
 0001:00008250       ?do_widen@?$ctype@D@std@@MEBADD@Z 0000000140009250 f i FileIO-aaeb1a.o
 0001:00008260       ?do_narrow@?$ctype@D@std@@MEBAPEBDPEBD0DPEAD@Z 0000000140009260 f i FileIO-aaeb1a.o
 0001:00008280       ??1sentry@?$basic_ostream@DU?$char_traits@D@std@@@std@@QEAA@XZ 0000000140009280 f i FileIO-aaeb1a.o
 0001:000082f0       ?flush@?$basic_ostream@DU?$char_traits@D@std@@@std@@QEAAAEAV12@XZ 00000001400092f0 f i FileIO-aaeb1a.o
 0001:00008540       ??1_Sentry_base@?$basic_istream@DU?$char_traits@D@std@@@std@@QEAA@XZ 0000000140009540 f i FileIO-aaeb1a.o
 0001:00008540       ??1_Sentry_base@?$basic_ostream@DU?$char_traits@D@std@@@std@@QEAA@XZ 0000000140009540 f i FileIO-aaeb1a.o
 0001:000085a0       ?_Osfx@?$basic_ostream@DU?$char_traits@D@std@@@std@@QEAAXXZ 00000001400095a0 f i FileIO-aaeb1a.o
 0001:000086b0       ??_E?$basic_istream@DU?$char_traits@D@std@@@std@@$4PPPPPPPM@A@EAAPEAXI@Z 00000001400096b0 f i FileIO-aaeb1a.o
 0001:00008730       ?_Ipfx@?$basic_istream@DU?$char_traits@D@std@@@std@@QEAA_N_N@Z 0000000140009730 f i FileIO-aaeb1a.o
 0001:00008a20       ?printFStack@StIO@@SAXXZ   0000000140009a20 f   StIO-35d814.o
 0001:00008a60       ?printF@StIO@@SAXPEBD@Z    0000000140009a60 f   StIO-35d814.o
 0001:00008a80       ?putS@StIO@@SAXPEBD@Z      0000000140009a80 f   StIO-35d814.o
 0001:00008a90       ?printFD@StIO@@SAX_J@Z     0000000140009a90 f   StIO-35d814.o
 0001:00008ab0       ?printFUD@StIO@@SAX_K@Z    0000000140009ab0 f   StIO-35d814.o
 0001:00008ad0       ?printFX@StIO@@SAXI@Z      0000000140009ad0 f   StIO-35d814.o
 0001:00008af0       ?putChar@StIO@@SAXH@Z      0000000140009af0 f   StIO-35d814.o
 0001:00008b00       ?putLF@StIO@@SAXXZ         0000000140009b00 f   StIO-35d814.o
 0001:00008b10       ?putWChar@StIO@@SAXG@Z     0000000140009b10 f   StIO-35d814.o
 0001:00008b20       ?putCharBuf@StIO@@SAXAEBVCharBuf@@@Z 0000000140009b20 f   StIO-35d814.o
 0001:00008ba0       printf                     0000000140009ba0 f i StIO-35d814.o
 0001:00008c00       __local_stdio_printf_options 0000000140009c00 f i StIO-35d814.o
 0001:00008c10       ?sleep@Threads@@SAXH@Z     0000000140009c10 f   Threads-43594b.o
 0001:00008d10       ??$sleep_until@Usteady_clock@chrono@std@@V?$duration@_JU?$ratio@$00$0DLJKMKAA@@std@@@23@@this_thread@std@@YAXAEBV?$time_point@Usteady_clock@chrono@std@@V?$duration@_JU?$ratio@$00$0DLJKMKAA@@std@@@23@@chrono@1@@Z 0000000140009d10 f i Threads-43594b.o
 0001:00008ec0       ?setSize@Uint16Buf@@QEAAXH@Z 0000000140009ec0 f   Uint16Buf-bb32f2.o
 0001:00008f20       ?increaseSize@Uint16Buf@@AEAAXH@Z 0000000140009f20 f   Uint16Buf-bb32f2.o
 0001:00008f30       ?copy@Uint16Buf@@QEAAXAEBV1@@Z 0000000140009f30 f   Uint16Buf-bb32f2.o
 0001:00008f50       ?appendU16@Uint16Buf@@QEAAXG@Z 0000000140009f50 f   Uint16Buf-bb32f2.o
 0001:00008fd0       ?appendCharBuf@Uint16Buf@@QEAAXAEBVCharBuf@@@Z 0000000140009fd0 f   Uint16Buf-bb32f2.o
 0001:00009130       ?increaseSize@Uint16Array@@QEAAXH@Z 000000014000a130 f i Uint16Buf-bb32f2.o
 0001:000092c0       ?copy@Uint16Array@@QEAAXAEBV1@HH@Z 000000014000a2c0 f i Uint16Buf-bb32f2.o
 0001:000094b0       ??_Etype_info@@UEAAPEAXI@Z 000000014000a4b0 f i libcmt:std_type_info_static.obj
 0001:000094b0       ??_Gtype_info@@UEAAPEAXI@Z 000000014000a4b0 f i libcmt:std_type_info_static.obj
 0001:000094dc       ??_U@YAPEAX_K@Z            000000014000a4dc f   libcmt:new_array.obj
 0001:000094e4       ??3@YAXPEAX_K@Z            000000014000a4e4 f   libcmt:delete_scalar_size.obj
 0001:000094e4       ??_V@YAXPEAX@Z             000000014000a4e4 f   libcmt:delete_array.obj
 0001:000094ec       ??2@YAPEAX_K@Z             000000014000a4ec f   libcmt:new_scalar.obj
 0001:00009528       ??3@YAXPEAX@Z              000000014000a528 f   libcmt:delete_scalar.obj
 0001:00009530       _Init_thread_footer        000000014000a530 f   libcmt:thread_safe_statics.obj
 0001:0000959c       _Init_thread_header        000000014000a59c f   libcmt:thread_safe_statics.obj
 0001:00009614       __scrt_acquire_startup_lock 000000014000a614 f   libcmt:utility.obj
 0001:00009650       __scrt_initialize_crt      000000014000a650 f   libcmt:utility.obj
 0001:0000969c       __scrt_initialize_onexit_tables 000000014000a69c f   libcmt:utility.obj
 0001:00009728       __scrt_is_nonwritable_in_current_image 000000014000a728 f   libcmt:utility.obj
 0001:000097c0       __scrt_release_startup_lock 000000014000a7c0 f   libcmt:utility.obj
 0001:000097e4       __scrt_uninitialize_crt    000000014000a7e4 f   libcmt:utility.obj
 0001:00009810       _onexit                    000000014000a810 f   libcmt:utility.obj
 0001:0000984c       atexit                     000000014000a84c f   libcmt:utility.obj
 0001:00009ac4       mainCRTStartup             000000014000aac4 f   libcmt:exe_main.obj
 0001:00009ad8       ??0bad_alloc@std@@QEAA@XZ  000000014000aad8 f i libcmt:throw_bad_alloc.obj
 0001:00009af8       ??0bad_array_new_length@std@@QEAA@XZ 000000014000aaf8 f i libcmt:throw_bad_alloc.obj
 0001:00009b18       ??1bad_alloc@std@@UEAA@XZ  000000014000ab18 f i libcmt:throw_bad_alloc.obj
 0001:00009b18       ??1bad_exception@std@@UEAA@XZ 000000014000ab18 f i libvcruntime:frame.obj
 0001:00009b18       ??1length_error@std@@UEAA@XZ 000000014000ab18 f i libcpmt:xthrow.obj
 0001:00009b18       ??1runtime_error@std@@UEAA@XZ 000000014000ab18 f i libcpmt:xthrow.obj
 0001:00009b2c       ?__scrt_throw_std_bad_alloc@@YAXXZ 000000014000ab2c f   libcmt:throw_bad_alloc.obj
 0001:00009b4c       ?__scrt_throw_std_bad_array_new_length@@YAXXZ 000000014000ab4c f   libcmt:throw_bad_alloc.obj
 0001:00009b6c       __isa_available_init       000000014000ab6c f   libcmt:cpu_disp.obj
 0001:00009d18       __scrt_is_ucrt_dll_in_use  000000014000ad18 f   libcmt:ucrt_detection.obj
 0001:00009d24       __crt_debugger_hook        000000014000ad24 f   libcmt:utility_desktop.obj
 0001:00009d2c       __scrt_fastfail            000000014000ad2c f   libcmt:utility_desktop.obj
 0001:00009e78       __scrt_initialize_mta      000000014000ae78 f   libcmt:utility_desktop.obj
 0001:00009e80       __scrt_exe_initialize_mta  000000014000ae80 f   libcmt:utility_desktop.obj
 0001:00009e80       __scrt_initialize_winrt    000000014000ae80 f   libcmt:utility_desktop.obj
 0001:00009e80       __scrt_stub_for_initialize_mta 000000014000ae80 f   libcmt:utility_desktop.obj
 0001:00009e80       _get_startup_commit_mode   000000014000ae80 f   libcmt:commit_mode.obj
 0001:00009e80       _get_startup_new_mode      000000014000ae80 f   libcmt:new_mode.obj
 0001:00009e80       _get_startup_thread_locale_mode 000000014000ae80 f   libcmt:thread_locale.obj
 0001:00009e80       _matherr                   000000014000ae80 f   libcmt:matherr.obj
 0001:00009e84       __scrt_is_managed_app      000000014000ae84 f   libcmt:utility_desktop.obj
 0001:00009ed8       __scrt_set_unhandled_exception_filter 000000014000aed8 f   libcmt:utility_desktop.obj
 0001:00009ee8       __scrt_unhandled_exception_filter 000000014000aee8 f   libcmt:utility_desktop.obj
 0001:00009f44       _guard_check_icall_nop     000000014000af44 f i libcmt:guard_support.obj
 0001:00009f44       _initialize_denormal_control 000000014000af44 f i libcmt:denormal_control.obj
 0001:00009f44       _initialize_invalid_parameter_handler 000000014000af44 f i libcmt:invalid_parameter_handler.obj
 0001:00009f48       __security_init_cookie     000000014000af48 f   libcmt:gs_support.obj
 0001:00009ff4       _get_startup_file_mode     000000014000aff4 f   libcmt:file_mode.obj
 0001:00009ffc       ?__scrt_initialize_type_info@@YAXXZ 000000014000affc f   libcmt:tncleanup.obj
 0001:0000a00c       __local_stdio_scanf_options 000000014000b00c f i libcmt:default_local_stdio_options.obj
 0001:0000a014       __scrt_initialize_default_local_stdio_options 000000014000b014 f   libcmt:default_local_stdio_options.obj
 0001:0000a030       __scrt_is_user_matherr_present 000000014000b030 f   libcmt:matherr_detection.obj
 0001:0000a03c       __scrt_get_dyn_tls_init_callback 000000014000b03c f   libcmt:dyn_tls_init.obj
 0001:0000a044       __scrt_get_dyn_tls_dtor_callback 000000014000b044 f   libcmt:dyn_tls_dtor.obj
 0001:0000a04c       _RTC_Initialize            000000014000b04c f   libcmt:initsect.obj
 0001:0000a088       _RTC_Terminate             000000014000b088 f   libcmt:initsect.obj
 0001:0000a0d0       ?_Addstd@ios_base@std@@SAXPEAV12@@Z 000000014000b0d0 f   libcpmt:ios.obj
 0001:0000a148       ?_Ios_base_dtor@ios_base@std@@CAXPEAV12@@Z 000000014000b148 f   libcpmt:ios.obj
 0001:0000a1c0       ?_Tidy@ios_base@std@@AEAAXXZ 000000014000b1c0 f i libcpmt:ios.obj
 0001:0000a240       ??0_Locimp@locale@std@@AEAA@_N@Z 000000014000b240 f i libcpmt:locale0.obj
 0001:0000a2c8       ??4?$_Yarn@D@std@@QEAAAEAV01@PEBD@Z 000000014000b2c8 f i libcpmt:locale0.obj
 0001:0000a340       ??_E_Locimp@locale@std@@MEAAPEAXI@Z 000000014000b340 f i libcpmt:locale0.obj
 0001:0000a340       ??_G_Locimp@locale@std@@MEAAPEAXI@Z 000000014000b340 f i libcpmt:locale0.obj
 0001:0000a39c       ?_Facet_Register@std@@YAXPEAV_Facet_base@1@@Z 000000014000b39c f   libcpmt:locale0.obj
 0001:0000a3d4       ?_Getgloballocale@locale@std@@CAPEAV_Locimp@12@XZ 000000014000b3d4 f   libcpmt:locale0.obj
 0001:0000a3dc       ?_Init@locale@std@@CAPEAV_Locimp@12@_N@Z 000000014000b3dc f   libcpmt:locale0.obj
 0001:0000a4d0       ?_Locimp_dtor@_Locimp@locale@std@@CAXPEAV123@@Z 000000014000b4d0 f   libcpmt:locale0.obj
 0001:0000a54c       ?_Locinfo_ctor@_Locinfo@std@@SAXPEAV12@PEBD@Z 000000014000b54c f   libcpmt:locale0.obj
 0001:0000a5b8       ?_Locinfo_dtor@_Locinfo@std@@SAXPEAV12@@Z 000000014000b5b8 f   libcpmt:locale0.obj
 0001:0000a5d4       ?_New_Locimp@_Locimp@locale@std@@CAPEAV123@_N@Z 000000014000b5d4 f   libcpmt:locale0.obj
 0001:0000a604       ?_Setgloballocale@locale@std@@CAXPEAX@Z 000000014000b604 f   libcpmt:locale0.obj
 0001:0000a638       _Deletegloballocale        000000014000b638 f   libcpmt:locale0.obj
 0001:0000a6a8       ?uncaught_exception@std@@YA_NXZ 000000014000b6a8 f   libcpmt:uncaught_exception.obj
 0001:0000a6b0       ??0length_error@std@@QEAA@AEBV01@@Z 000000014000b6b0 f i libcpmt:xthrow.obj
 0001:0000a6ec       ??0length_error@std@@QEAA@PEBD@Z 000000014000b6ec f i libcpmt:xthrow.obj
 0001:0000a734       ??0logic_error@std@@QEAA@AEBV01@@Z 000000014000b734 f i libcpmt:xthrow.obj
 0001:0000a770       ??0runtime_error@std@@QEAA@PEBD@Z 000000014000b770 f i libcpmt:xthrow.obj
 0001:0000a7b8       ??_Ebad_exception@std@@UEAAPEAXI@Z 000000014000b7b8 f i libvcruntime:frame.obj
 0001:0000a7b8       ??_Elength_error@std@@UEAAPEAXI@Z 000000014000b7b8 f i libcpmt:xthrow.obj
 0001:0000a7b8       ??_Elogic_error@std@@UEAAPEAXI@Z 000000014000b7b8 f i libcpmt:xthrow.obj
 0001:0000a7b8       ??_Gbad_exception@std@@UEAAPEAXI@Z 000000014000b7b8 f i libvcruntime:frame.obj
 0001:0000a7b8       ??_Glength_error@std@@UEAAPEAXI@Z 000000014000b7b8 f i libcpmt:xthrow.obj
 0001:0000a7b8       ??_Glogic_error@std@@UEAAPEAXI@Z 000000014000b7b8 f i libcpmt:xthrow.obj
 0001:0000a7fc       ?_Xlength_error@std@@YAXPEBD@Z 000000014000b7fc f   libcpmt:xthrow.obj
 0001:0000a820       ?_Xruntime_error@std@@YAXPEBD@Z 000000014000b820 f   libcpmt:xthrow.obj
 0001:0000a844       ??0_Init_locks@std@@QEAA@XZ 000000014000b844 f   libcpmt:xlock.obj
 0001:0000a888       ??0_Lockit@std@@QEAA@H@Z   000000014000b888 f   libcpmt:xlock.obj
 0001:0000a8c4       ??1_Init_locks@std@@QEAA@XZ 000000014000b8c4 f   libcpmt:xlock.obj
 0001:0000a900       ??1_Lockit@std@@QEAA@XZ    000000014000b900 f   libcpmt:xlock.obj
 0001:0000a934       ?_Fiopen@std@@YAPEAU_iobuf@@PEBDHH@Z 000000014000b934 f   libcpmt:fiopen.obj
 0001:0000a9ec       ?_Syserror_map@std@@YAPEBDH@Z 000000014000b9ec f   libcpmt:syserror.obj
 0001:0000aa14       _Getctype                  000000014000ba14 f   libcpmt:_tolower.obj
 0001:0000aad4       _Tolower                   000000014000bad4 f   libcpmt:_tolower.obj
 0001:0000ac08       _Toupper                   000000014000bc08 f   libcpmt:_toupper.obj
 0001:0000ad4c       _Query_perf_counter        000000014000bd4c f   libcpmt:xtime.obj
 0001:0000ad68       _Query_perf_frequency      000000014000bd68 f   libcpmt:xtime.obj
 0001:0000ad94       _Timespec64_get_sys        000000014000bd94 f   libcpmt:xtime.obj
 0001:0000add0       _Xtime_diff_to_millis2     000000014000bdd0 f   libcpmt:xtime.obj
 0001:0000ae9c       _Xtime_get_ticks           000000014000be9c f   libcpmt:xtime.obj
 0001:0000aecc       _Thrd_sleep                000000014000becc f   libcpmt:cthread.obj
 0001:0000af38       ?_Atexit@@YAXP6AXXZ@Z      000000014000bf38 f   libcpmt:iosptrs.obj
 0001:0000af74       _Mtxdst                    000000014000bf74 f   libcpmt:xmtx.obj
 0001:0000af7c       _Mtxinit                   000000014000bf7c f   libcpmt:xmtx.obj
 0001:0000af8c       _Mtxlock                   000000014000bf8c f   libcpmt:xmtx.obj
 0001:0000af94       _Mtxunlock                 000000014000bf94 f   libcpmt:xmtx.obj
 0001:0000af9c       __crtLCMapStringA          000000014000bf9c f   libcpmt:StlLCMapStringA.obj
 0001:0000b2f8       __crtGetSystemTimePreciseAsFileTime 000000014000c2f8 f   libcpmt:winapisupp.obj
 0001:0000b314       ??$_CallSETranslator@V__FrameHandler3@@@@YAHPEAUEHExceptionRecord@@PEA_KPEAU_CONTEXT@@PEAU_xDISPATCHER_CONTEXT@@PEBU_s_FuncInfo@@K1H@Z 000000014000c314 f i libvcruntime:risctrnsctrl.obj
 0001:0000b368       ??$_CallSETranslator@V__FrameHandler4@@@@YAHPEAUEHExceptionRecord@@PEA_KPEAU_CONTEXT@@PEAU_xDISPATCHER_CONTEXT@@PEAUFuncInfo4@FH4@@K1H@Z 000000014000c368 f i libvcruntime:risctrnsctrl.obj
 0001:0000b3bc       ?CatchTryBlock@__FrameHandler3@@SAPEBU_s_TryBlockMapEntry@@PEBU_s_FuncInfo@@H@Z 000000014000c3bc f   libvcruntime:risctrnsctrl.obj
 0001:0000b420       ?DecompFuncInfo@FH4@@YA_JPEAEAEAUFuncInfo4@1@_KH_N@Z 000000014000c420 f i libvcruntime:risctrnsctrl.obj
 0001:0000b554       ?ExecutionInCatch@__FrameHandler3@@SA_NPEAU_xDISPATCHER_CONTEXT@@PEBU_s_FuncInfo@@@Z 000000014000c554 f   libvcruntime:risctrnsctrl.obj
 0001:0000b580       ?ExecutionInCatch@__FrameHandler4@@SA_NPEAU_xDISPATCHER_CONTEXT@@PEAUFuncInfo4@FH4@@@Z 000000014000c580 f   libvcruntime:risctrnsctrl.obj
 0001:0000b588       ?FrameUnwindToEmptyState@__FrameHandler3@@SAXPEA_KPEAU_xDISPATCHER_CONTEXT@@PEBU_s_FuncInfo@@@Z 000000014000c588 f   libvcruntime:risctrnsctrl.obj
 0001:0000b5ec       ?FrameUnwindToEmptyState@__FrameHandler4@@SAXPEA_KPEAU_xDISPATCHER_CONTEXT@@PEAUFuncInfo4@FH4@@@Z 000000014000c5ec f   libvcruntime:risctrnsctrl.obj
 0001:0000b620       ?GetEstablisherFrame@__FrameHandler3@@SAPEA_KPEA_KPEAU_xDISPATCHER_CONTEXT@@PEBU_s_FuncInfo@@0@Z 000000014000c620 f   libvcruntime:risctrnsctrl.obj
 0001:0000b6ec       ?GetEstablisherFrame@__FrameHandler4@@SAPEA_KPEA_KPEAU_xDISPATCHER_CONTEXT@@PEAUFuncInfo4@FH4@@0@Z 000000014000c6ec f   libvcruntime:risctrnsctrl.obj
 0001:0000b710       ?GetRangeOfTrysToCheck@__FrameHandler3@@SA?AU?$pair@Viterator@TryBlockMap@__FrameHandler3@@V123@@std@@AEAVTryBlockMap@1@HPEAU_xDISPATCHER_CONTEXT@@PEBU_s_FuncInfo@@H@Z 000000014000c710 f   libvcruntime:risctrnsctrl.obj
 0001:0000b850       ?GetRangeOfTrysToCheck@__FrameHandler4@@SA?AU?$pair@Viterator@TryBlockMap4@FH4@@V123@@std@@AEAVTryBlockMap4@FH4@@HPEAU_xDISPATCHER_CONTEXT@@PEAUFuncInfo4@5@H@Z 000000014000c850 f   libvcruntime:risctrnsctrl.obj
 0001:0000b9bc       ?UnwindNestedFrames@__FrameHandler3@@SAXPEA_KPEAUEHExceptionRecord@@PEAU_CONTEXT@@0PEAXPEBU_s_FuncInfo@@HHPEBU_s_HandlerType@@PEAU_xDISPATCHER_CONTEXT@@E@Z 000000014000c9bc f   libvcruntime:risctrnsctrl.obj
 0001:0000bac0       ?UnwindNestedFrames@__FrameHandler4@@SAXPEA_KPEAUEHExceptionRecord@@PEAU_CONTEXT@@0PEAXPEAUFuncInfo4@FH4@@HHPEAUHandlerType4@5@PEAU_xDISPATCHER_CONTEXT@@E@Z 000000014000cac0 f   libvcruntime:risctrnsctrl.obj
 0001:0000bbe0       ?setBuffer@TryBlockMap4@FH4@@QEAAXViterator@12@@Z 000000014000cbe0 f i libvcruntime:risctrnsctrl.obj
 0001:0000bda4       _CreateFrameInfo           000000014000cda4 f   libvcruntime:risctrnsctrl.obj
 0001:0000bde0       _FindAndUnlinkFrame        000000014000cde0 f   libvcruntime:risctrnsctrl.obj
 0001:0000be34       _GetImageBase              000000014000ce34 f   libvcruntime:risctrnsctrl.obj
 0001:0000be48       _GetThrowImageBase         000000014000ce48 f   libvcruntime:risctrnsctrl.obj
 0001:0000be5c       _SetImageBase              000000014000ce5c f   libvcruntime:risctrnsctrl.obj
 0001:0000be74       _SetThrowImageBase         000000014000ce74 f   libvcruntime:risctrnsctrl.obj
 0001:0000be8c       __CxxFrameHandler3         000000014000ce8c f   libvcruntime:risctrnsctrl.obj
 0001:0000bf14       __CxxFrameHandler4         000000014000cf14 f   libvcruntime:risctrnsctrl.obj
 0001:0000bfd4       _CxxThrowException         000000014000cfd4 f   libvcruntime:throw.obj
 0001:0000c07c       __DestructExceptionObject  000000014000d07c f   libvcruntime:ehhelpers.obj
 0001:0000c0ec       ?_CallMemberFunction0@@YAXQEAX0@Z 000000014000d0ec f i libvcruntime:ehhelpers.obj
 0001:0000c0f0       _IsExceptionObjectToBeDestroyed 000000014000d0f0 f   libvcruntime:ehhelpers.obj
 0001:0000c120       __AdjustPointer            000000014000d120 f   libvcruntime:ehhelpers.obj
 0001:0000c144       __FrameUnwindFilter        000000014000d144 f   libvcruntime:ehhelpers.obj
 0001:0000c1ac       __current_exception        000000014000d1ac f   libvcruntime:ehhelpers.obj
 0001:0000c1c0       __current_exception_context 000000014000d1c0 f   libvcruntime:ehhelpers.obj
 0001:0000c1d4       __std_terminate            000000014000d1d4 f   libvcruntime:ehhelpers.obj
 0001:0000c1f0       memcpy_repmovs             000000014000d1f0 f   libvcruntime:memcpy.obj
 0001:0000c210       memcpy                     000000014000d210 f   libvcruntime:memcpy.obj
 0001:0000c210       memmove                    000000014000d210 f   libvcruntime:memcpy.obj
 0001:0000c880       __std_exception_copy       000000014000d880 f   libvcruntime:std_exception.obj
 0001:0000c910       __std_exception_destroy    000000014000d910 f   libvcruntime:std_exception.obj
 0001:0000c938       _get_purecall_handler      000000014000d938 f   libvcruntime:purevirt.obj
 0001:0000c944       _purecall                  000000014000d944 f   libvcruntime:purevirt.obj
 0001:0000c960       __vcrt_initialize          000000014000d960 f   libvcruntime:initialization.obj
 0001:0000c988       __vcrt_uninitialize        000000014000d988 f   libvcruntime:initialization.obj
 0001:0000c9a4       __C_specific_handler       000000014000d9a4 f   libvcruntime:riscchandler.obj
 0001:0000cbb0       memset_repstos             000000014000dbb0 f   libvcruntime:memset.obj
 0001:0000cbd0       memset                     000000014000dbd0 f   libvcruntime:memset.obj
 0001:0000cf58       __std_type_info_compare    000000014000df58 f   libvcruntime:std_type_info.obj
 0001:0000cf80       __uncaught_exception       000000014000df80 f   libvcruntime:uncaught_exception.obj
 0001:0000cfb0       memchr                     000000014000dfb0 f   libvcruntime:memchr.obj
 0001:0000d050       memcmp                     000000014000e050 f   libvcruntime:memcmp.obj
 0001:0000d118       __vcrt_freefls             000000014000e118 f   libvcruntime:per_thread_data.obj
 0001:0000d138       __vcrt_getptd              000000014000e138 f   libvcruntime:per_thread_data.obj
 0001:0000d154       __vcrt_getptd_noexit       000000014000e154 f   libvcruntime:per_thread_data.obj
 0001:0000d214       __vcrt_getptd_noinit       000000014000e214 f   libvcruntime:per_thread_data.obj
 0001:0000d264       __vcrt_initialize_ptd      000000014000e264 f   libvcruntime:per_thread_data.obj
 0001:0000d2ac       __vcrt_uninitialize_ptd    000000014000e2ac f   libvcruntime:per_thread_data.obj
 0001:0000d2d0       ?GetCurrentState@__FrameHandler3@@SAHPEA_KPEAU_xDISPATCHER_CONTEXT@@PEBU_s_FuncInfo@@@Z 000000014000e2d0 f   libvcruntime:ehstate.obj
 0001:0000d2f8       ?GetUnwindTryBlock@__FrameHandler3@@SAHPEA_KPEAU_xDISPATCHER_CONTEXT@@PEBU_s_FuncInfo@@@Z 000000014000e2f8 f   libvcruntime:ehstate.obj
 0001:0000d324       ?SetState@__FrameHandler3@@SAXPEA_KPEBU_s_FuncInfo@@H@Z 000000014000e324 f   libvcruntime:ehstate.obj
 0001:0000d330       ?SetUnwindTryBlock@__FrameHandler3@@SAXPEA_KPEAU_xDISPATCHER_CONTEXT@@PEBU_s_FuncInfo@@H@Z 000000014000e330 f   libvcruntime:ehstate.obj
 0001:0000d36c       ?StateFromControlPc@__FrameHandler3@@SAHPEBU_s_FuncInfo@@PEAU_xDISPATCHER_CONTEXT@@@Z 000000014000e36c f   libvcruntime:ehstate.obj
 0001:0000d374       ?StateFromControlPc@__FrameHandler4@@SAHPEAUFuncInfo4@FH4@@PEAU_xDISPATCHER_CONTEXT@@@Z 000000014000e374 f   libvcruntime:ehstate.obj
 0001:0000d37c       ?StateFromIp@__FrameHandler3@@SAHPEBU_s_FuncInfo@@PEAU_xDISPATCHER_CONTEXT@@_K@Z 000000014000e37c f   libvcruntime:ehstate.obj
 0001:0000d3e4       ?StateFromIp@__FrameHandler4@@SAHPEAUFuncInfo4@FH4@@PEAU_xDISPATCHER_CONTEXT@@_K@Z 000000014000e3e4 f   libvcruntime:ehstate.obj
 0001:0000eae4       ??$TypeMatchHelper@V__FrameHandler3@@@@YAHPEBU_s_HandlerType@@PEBU_s_CatchableType@@PEBU_s_ThrowInfo@@@Z 000000014000fae4 f i libvcruntime:frame.obj
 0001:0000ec24       ??$TypeMatchHelper@V__FrameHandler4@@@@YAHPEAUHandlerType4@FH4@@PEBU_s_CatchableType@@PEBU_s_ThrowInfo@@@Z 000000014000fc24 f i libvcruntime:frame.obj
 0001:0000ed68       ??$__InternalCxxFrameHandler@V__FrameHandler3@@@@YA?AW4_EXCEPTION_DISPOSITION@@PEAUEHExceptionRecord@@PEA_KPEAU_CONTEXT@@PEAU_xDISPATCHER_CONTEXT@@PEBU_s_FuncInfo@@H1E@Z 000000014000fd68 f i libvcruntime:frame.obj
 0001:0000efa0       ??$__InternalCxxFrameHandler@V__FrameHandler4@@@@YA?AW4_EXCEPTION_DISPOSITION@@PEAUEHExceptionRecord@@PEA_KPEAU_CONTEXT@@PEAU_xDISPATCHER_CONTEXT@@PEAUFuncInfo4@FH4@@H1E@Z 000000014000ffa0 f i libvcruntime:frame.obj
 0001:0000f234       ??$__InternalCxxFrameHandlerWrapper@V__FrameHandler3@@@@YA?AW4_EXCEPTION_DISPOSITION@@PEAUEHExceptionRecord@@PEA_KPEAU_CONTEXT@@PEAU_xDISPATCHER_CONTEXT@@PEBU_s_FuncInfo@@H1E@Z 0000000140010234 f i libvcruntime:frame.obj
 0001:0000f23c       ??$__InternalCxxFrameHandlerWrapper@V__FrameHandler4@@@@YA?AW4_EXCEPTION_DISPOSITION@@PEAUEHExceptionRecord@@PEA_KPEAU_CONTEXT@@PEAU_xDISPATCHER_CONTEXT@@PEAUFuncInfo4@FH4@@H1E@Z 000000014001023c f i libvcruntime:frame.obj
 0001:0000f288       ??0HandlerMap4@FH4@@QEAA@PEBUTryBlockMapEntry4@1@_KH@Z 0000000140010288 f i libvcruntime:frame.obj
 0001:0000f30c       ??0TryBlockMap4@FH4@@QEAA@PEBUFuncInfo4@1@_K@Z 000000014001030c f i libvcruntime:frame.obj
 0001:0000f3f0       ??0bad_exception@std@@QEAA@AEBV01@@Z 00000001400103f0 f i libvcruntime:frame.obj
 0001:0000f42c       ??0bad_exception@std@@QEAA@XZ 000000014001042c f i libvcruntime:frame.obj
 0001:0000f44c       ?CxxCallCatchBlock@__FrameHandler3@@SAPEAXPEAU_EXCEPTION_RECORD@@@Z 000000014001044c f   libvcruntime:frame.obj
 0001:0000f638       ?CxxCallCatchBlock@__FrameHandler4@@SAPEAXPEAU_EXCEPTION_RECORD@@@Z 0000000140010638 f   libvcruntime:frame.obj
 0001:0000f888       ?DecompHandler@HandlerMap4@FH4@@AEAAXXZ 0000000140010888 f i libvcruntime:frame.obj
 0001:0000fad4       ?FrameUnwindToState@__FrameHandler3@@SAXPEA_KPEAU_xDISPATCHER_CONTEXT@@PEBU_s_FuncInfo@@H@Z 0000000140010ad4 f   libvcruntime:frame.obj
 0001:0000fc60       ?FrameUnwindToState@__FrameHandler4@@SAXPEA_KPEAU_xDISPATCHER_CONTEXT@@PEAUFuncInfo4@FH4@@H@Z 0000000140010c60 f   libvcruntime:frame.obj
 0001:0000ff64       ?GetHandlerSearchState@__FrameHandler3@@SAHPEA_KPEAU_xDISPATCHER_CONTEXT@@PEBU_s_FuncInfo@@@Z 0000000140010f64 f i libvcruntime:frame.obj
 0001:00010174       ?ReadEntry@UWMap4@FH4@@AEAAXPEAPEAE@Z 0000000140011174 f i libvcruntime:frame.obj
 0001:00010210       ?_CallMemberFunction1@@YAXQEAX00@Z 0000000140011210 f i libvcruntime:frame.obj
 0001:0001021c       ?_CallMemberFunction2@@YAXQEAX00H@Z 000000014001121c f i libvcruntime:frame.obj
 0001:0001022c       ?getStartStop@UWMap4@FH4@@QEAAXHHAEAViterator@12@0@Z 000000014001122c f i libvcruntime:frame.obj
 0001:000102fc       ?getStateFromIterators@UWMap4@FH4@@SAHAEBViterator@12@H0H0@Z 00000001400112fc f i libvcruntime:frame.obj
 0001:000103ac       __vcrt_initialize_locks    00000001400113ac f   libvcruntime:locks.obj
 0001:000103f4       __vcrt_uninitialize_locks  00000001400113f4 f   libvcruntime:locks.obj
 0001:00010440       _NLG_Notify                0000000140011440 f   libvcruntime:notify.obj
 0001:00010460       __NLG_Dispatch2            0000000140011460 f   libvcruntime:notify.obj
 0001:00010470       __NLG_Return2              0000000140011470 f   libvcruntime:notify.obj
 0001:00010474       __except_validate_context_record 0000000140011474 f   libvcruntime:jbcxrval.obj
 0001:000105fc       __vcrt_FlsAlloc            00000001400115fc f   libvcruntime:winapi_downlevel.obj
 0001:00010644       __vcrt_FlsFree             0000000140011644 f   libvcruntime:winapi_downlevel.obj
 0001:0001068c       __vcrt_FlsGetValue         000000014001168c f   libvcruntime:winapi_downlevel.obj
 0001:000106d4       __vcrt_FlsSetValue         00000001400116d4 f   libvcruntime:winapi_downlevel.obj
 0001:00010728       __vcrt_InitializeCriticalSectionEx 0000000140011728 f   libvcruntime:winapi_downlevel.obj
 0001:000107a0       _CallSettingFrame          00000001400117a0 f   libvcruntime:handlers.obj
 0001:000107f0       _CallSettingFrame_LookupContinuationIndex 00000001400117f0 f   libvcruntime:handlers.obj
 0001:00010820       _CallSettingFrame_NotifyContinuationAddr 0000000140011820 f   libvcruntime:handlers.obj
 0001:00010850       _CallSettingFrameEncoded   0000000140011850 f   libvcruntime:handlers.obj
 0001:000109ec       __acrt_get_sigabrt_handler 00000001400119ec f   libucrt:signal.obj
 0001:00010a1c       __acrt_initialize_signal_handlers 0000000140011a1c f   libucrt:signal.obj
 0001:00010a3c       raise                      0000000140011a3c f   libucrt:signal.obj
 0001:00010cb8       signal                     0000000140011cb8 f   libucrt:signal.obj
 0001:00010e7c       _time64                    0000000140011e7c f   libucrt:time.obj
 0001:000111f0       _localtime64_s             00000001400121f0 f   libucrt:localtime.obj
 0001:000112b8       ?get_raw_ptd@__crt_cached_ptd_host@@QEAAPEAU__acrt_ptd@@XZ 00000001400122b8 f i libucrt:fwrite.obj
 0001:00011320       _fwrite_internal           0000000140012320 f   libucrt:fwrite.obj
 0001:000113bc       _fwrite_nolock_internal    00000001400123bc f   libucrt:fwrite.obj
 0001:000115d0       fwrite                     00000001400125d0 f   libucrt:fwrite.obj
 0001:00011798       fclose                     0000000140012798 f   libucrt:fclose.obj
 0001:00011830       __acrt_initialize_stdio    0000000140012830 f   libucrt:_file.obj
 0001:00011950       __acrt_iob_func            0000000140012950 f   libucrt:_file.obj
 0001:00011964       __acrt_uninitialize_stdio  0000000140012964 f   libucrt:_file.obj
 0001:000119c0       _get_stream_buffer_pointers 00000001400129c0 f   libucrt:_file.obj
 0001:00011a08       _lock_file                 0000000140012a08 f   libucrt:_file.obj
 0001:00011a14       _unlock_file               0000000140012a14 f   libucrt:_file.obj
 0001:00011b88       _fputc_nolock_internal     0000000140012b88 f   libucrt:fputc.obj
 0001:00011ba0       _fputchar                  0000000140012ba0 f   libucrt:fputc.obj
 0001:00011bc4       fputc                      0000000140012bc4 f   libucrt:fputc.obj
 0001:00011c5c       putchar                    0000000140012c5c f   libucrt:fputc.obj
 0001:00011c64       _ungetc_nolock             0000000140012c64 f   libucrt:ungetc.obj
 0001:00011d84       ungetc                     0000000140012d84 f   libucrt:ungetc.obj
 0001:00011ddc       _fgetc_nolock              0000000140012ddc f   libucrt:fgetc.obj
 0001:00011e20       fgetc                      0000000140012e20 f   libucrt:fgetc.obj
 0001:00011f34       ?get_raw_ptd_noexit@__crt_cached_ptd_host@@QEAAPEAU__acrt_ptd@@XZ 0000000140012f34 f i libucrt:invalid_parameter.obj
 0001:00011fa0       ?value@?$dual_state_global@P6AXPEB_W00I_K@Z@__crt_state_management@@QEAAAEAP6AXPEB_W00I_K@ZAEAV__crt_cached_ptd_host@@@Z 0000000140012fa0 f i libucrt:invalid_parameter.obj
 0001:00011fec       __acrt_call_reportfault    0000000140012fec f   libucrt:invalid_parameter.obj
 0001:00012148       __acrt_initialize_invalid_parameter_handler 0000000140013148 f   libucrt:invalid_parameter.obj
 0001:00012150       _invalid_parameter         0000000140013150 f   libucrt:invalid_parameter.obj
 0001:000121ec       _invalid_parameter_internal 00000001400131ec f   libucrt:invalid_parameter.obj
 0001:000122b8       _invalid_parameter_noinfo  00000001400132b8 f   libucrt:invalid_parameter.obj
 0001:000122d8       _invalid_parameter_noinfo_noreturn 00000001400132d8 f   libucrt:invalid_parameter.obj
 0001:00012308       _invoke_watson             0000000140013308 f   libucrt:invalid_parameter.obj
 0001:00012350       _fread_nolock_s            0000000140013350 f   libucrt:fread.obj
 0001:000125b0       fread                      00000001400135b0 f   libucrt:fread.obj
 0001:000125d0       fread_s                    00000001400135d0 f   libucrt:fread.obj
 0001:000128e8       _fseeki64                  00000001400138e8 f   libucrt:fseek.obj
 0001:00012980       fseek                      0000000140013980 f   libucrt:fseek.obj
 0001:00012a1c       fgetpos                    0000000140013a1c f   libucrt:fgetpos.obj
 0001:00012a68       fsetpos                    0000000140013a68 f   libucrt:fsetpos.obj
 0001:00012bc8       setvbuf                    0000000140013bc8 f   libucrt:setvbuf.obj
 0001:00012f20       __acrt_stdio_flush_nolock  0000000140013f20 f   libucrt:fflush.obj
 0001:00012fac       _fflush_nolock             0000000140013fac f   libucrt:fflush.obj
 0001:00013080       _flushall                  0000000140014080 f   libucrt:fflush.obj
 0001:00013088       fflush                     0000000140014088 f   libucrt:fflush.obj
 0001:000130f0       free                       00000001400140f0 f   libucrt:free.obj
 0001:00013120       strlen                     0000000140014120 f   libucrt:strlen.obj
 0001:00013208       ??$ensure_buffer_is_big_enough@D@formatting_buffer@__crt_stdio_output@@QEAA_N_KAEAV__crt_cached_ptd_host@@@Z 0000000140014208 f i libucrt:output.obj
 0001:000132b0       ??$parse_integer@KV?$c_string_character_source@D@__crt_strtox@@$0A@@__crt_strtox@@YAKAEAV__crt_cached_ptd_host@@V?$c_string_character_source@D@0@H_N@Z 00000001400142b0 f i libucrt:output.obj
 0001:00013564       ??$type_case_integer@$07@?$output_processor@DV?$stream_output_adapter@D@__crt_stdio_output@@V?$standard_base@DV?$stream_output_adapter@D@__crt_stdio_output@@@2@@__crt_stdio_output@@AEAA_N_N@Z 0000000140014564 f i libucrt:output.obj
 0001:00013768       ??$type_case_integer@$09@?$output_processor@DV?$stream_output_adapter@D@__crt_stdio_output@@V?$standard_base@DV?$stream_output_adapter@D@__crt_stdio_output@@@2@@__crt_stdio_output@@AEAA_N_N@Z 0000000140014768 f i libucrt:output.obj
 0001:0001396c       ??$type_case_integer@$0BA@@?$output_processor@DV?$stream_output_adapter@D@__crt_stdio_output@@V?$standard_base@DV?$stream_output_adapter@D@__crt_stdio_output@@@2@@__crt_stdio_output@@AEAA_N_N@Z 000000014001496c f i libucrt:output.obj
 0001:00013b70       ??$type_case_integer_parse_into_buffer@I$07@?$output_processor@DV?$stream_output_adapter@D@__crt_stdio_output@@V?$standard_base@DV?$stream_output_adapter@D@__crt_stdio_output@@@2@@__crt_stdio_output@@AEAAXI_N@Z 0000000140014b70 f i libucrt:output.obj
 0001:00013be0       ??$type_case_integer_parse_into_buffer@I$09@?$output_processor@DV?$stream_output_adapter@D@__crt_stdio_output@@V?$standard_base@DV?$stream_output_adapter@D@__crt_stdio_output@@@2@@__crt_stdio_output@@AEAAXI_N@Z 0000000140014be0 f i libucrt:output.obj
 0001:00013c8c       ??$type_case_integer_parse_into_buffer@I$0BA@@?$output_processor@DV?$stream_output_adapter@D@__crt_stdio_output@@V?$standard_base@DV?$stream_output_adapter@D@__crt_stdio_output@@@2@@__crt_stdio_output@@AEAAXI_N@Z 0000000140014c8c f i libucrt:output.obj
 0001:00013d10       ??$type_case_integer_parse_into_buffer@_K$07@?$output_processor@DV?$stream_output_adapter@D@__crt_stdio_output@@V?$standard_base@DV?$stream_output_adapter@D@__crt_stdio_output@@@2@@__crt_stdio_output@@AEAAX_K_N@Z 0000000140014d10 f i libucrt:output.obj
 0001:00013d80       ??$type_case_integer_parse_into_buffer@_K$09@?$output_processor@DV?$stream_output_adapter@D@__crt_stdio_output@@V?$standard_base@DV?$stream_output_adapter@D@__crt_stdio_output@@@2@@__crt_stdio_output@@AEAAX_K_N@Z 0000000140014d80 f i libucrt:output.obj
 0001:00013e30       ??$type_case_integer_parse_into_buffer@_K$0BA@@?$output_processor@DV?$stream_output_adapter@D@__crt_stdio_output@@V?$standard_base@DV?$stream_output_adapter@D@__crt_stdio_output@@@2@@__crt_stdio_output@@AEAAX_K_N@Z 0000000140014e30 f i libucrt:output.obj
 0001:00013fd0       ?crop_zeroes@__crt_stdio_output@@YAXPEADQEAU__crt_locale_pointers@@@Z 0000000140014fd0 f i libucrt:output.obj
 0001:0001403c       ?parse_int_from_format_string@?$output_processor@DV?$stream_output_adapter@D@__crt_stdio_output@@V?$standard_base@DV?$stream_output_adapter@D@__crt_stdio_output@@@2@@__crt_stdio_output@@AEAA_NQEAH@Z 000000014001503c f i libucrt:output.obj
 0001:000140cc       ?process@?$output_processor@DV?$stream_output_adapter@D@__crt_stdio_output@@V?$standard_base@DV?$stream_output_adapter@D@__crt_stdio_output@@@2@@__crt_stdio_output@@QEAAHXZ 00000001400150cc f i libucrt:output.obj
 0001:00014464       ?state_case_size@?$output_processor@DV?$stream_output_adapter@D@__crt_stdio_output@@V?$standard_base@DV?$stream_output_adapter@D@__crt_stdio_output@@@2@@__crt_stdio_output@@AEAA_NXZ 0000000140015464 f i libucrt:output.obj
 0001:000145ec       ?state_case_type@?$output_processor@DV?$stream_output_adapter@D@__crt_stdio_output@@V?$standard_base@DV?$stream_output_adapter@D@__crt_stdio_output@@@2@@__crt_stdio_output@@AEAA_NXZ 00000001400155ec f i libucrt:output.obj
 0001:00014a24       ?type_case_Z@?$output_processor@DV?$stream_output_adapter@D@__crt_stdio_output@@V?$standard_base@DV?$stream_output_adapter@D@__crt_stdio_output@@@2@@__crt_stdio_output@@AEAA_NXZ 0000000140015a24 f i libucrt:output.obj
 0001:00014aa0       ?type_case_a@?$output_processor@DV?$stream_output_adapter@D@__crt_stdio_output@@V?$standard_base@DV?$stream_output_adapter@D@__crt_stdio_output@@@2@@__crt_stdio_output@@AEAA_NXZ 0000000140015aa0 f i libucrt:output.obj
 0001:00014cf4       ?type_case_c_tchar@?$output_processor@DV?$stream_output_adapter@D@__crt_stdio_output@@V?$standard_base@DV?$stream_output_adapter@D@__crt_stdio_output@@@2@@__crt_stdio_output@@AEAA_ND@Z 0000000140015cf4 f i libucrt:output.obj
 0001:00014dc8       ?type_case_n@?$output_processor@DV?$stream_output_adapter@D@__crt_stdio_output@@V?$standard_base@DV?$stream_output_adapter@D@__crt_stdio_output@@@2@@__crt_stdio_output@@AEAA_NXZ 0000000140015dc8 f i libucrt:output.obj
 0001:00014e80       ?type_case_s@?$output_processor@DV?$stream_output_adapter@D@__crt_stdio_output@@V?$standard_base@DV?$stream_output_adapter@D@__crt_stdio_output@@@2@@__crt_stdio_output@@AEAA_NXZ 0000000140015e80 f i libucrt:output.obj
 0001:00014f20       ?update_locale_slow@__crt_cached_ptd_host@@AEAAXXZ 0000000140015f20 f i libucrt:output.obj
 0001:00014f98       ?validate_stream_is_ansi_if_required@?$__acrt_stdio_char_traits@D@@SA_NQEAU_iobuf@@@Z 0000000140015f98 f i libucrt:output.obj
 0001:00015034       ?write_string_impl@?$output_adapter_common@DV?$stream_output_adapter@D@__crt_stdio_output@@@__crt_stdio_output@@IEBAXQEBDHQEAHAEAV__crt_cached_ptd_host@@@Z 0000000140016034 f i libucrt:output.obj
 0001:00015100       __stdio_common_vfprintf    0000000140016100 f   libucrt:output.obj
 0001:0001530c       puts                       000000014001630c f   libucrt:puts.obj
 0001:00015534       _fputwc_nolock_internal    0000000140016534 f   libucrt:fputwc.obj
 0001:000156c0       _fputwchar                 00000001400166c0 f   libucrt:fputwc.obj
 0001:000156e4       fputwc                     00000001400166e4 f   libucrt:fputwc.obj
 0001:00015780       putwchar                   0000000140016780 f   libucrt:fputwc.obj
 0001:00015788       __acrt_initialize_new_handler 0000000140016788 f   libucrt:new_handler.obj
 0001:00015790       _callnewh                  0000000140016790 f   libucrt:new_handler.obj
 0001:000157d0       _query_new_handler         00000001400167d0 f   libucrt:new_handler.obj
 0001:00015808       malloc                     0000000140016808 f   libucrt:malloc.obj
 0001:00015810       _seh_filter_exe            0000000140016810 f   libucrt:exception_filter.obj
 0001:00015c28       __acrt_initialize_thread_local_exit_callback 0000000140016c28 f   libucrt:exit.obj
 0001:00015c30       _c_exit                    0000000140016c30 f   libucrt:exit.obj
 0001:00015c40       _cexit                     0000000140016c40 f   libucrt:exit.obj
 0001:00015c50       _exit                      0000000140016c50 f   libucrt:exit.obj
 0001:00015c5c       _register_thread_local_exe_atexit_callback 0000000140016c5c f   libucrt:exit.obj
 0001:00015c9c       exit                       0000000140016c9c f   libucrt:exit.obj
 0001:00015e70       __acrt_allocate_buffer_for_argv 0000000140016e70 f   libucrt:argv_parsing.obj
 0001:00015ed0       _configure_narrow_argv     0000000140016ed0 f   libucrt:argv_parsing.obj
 0001:00016580       __dcrt_get_or_create_narrow_environment_nolock 0000000140017580 f   libucrt:environment_initialization.obj
 0001:000165bc       __dcrt_get_or_create_wide_environment_nolock 00000001400175bc f   libucrt:environment_initialization.obj
 0001:000165f8       __dcrt_uninitialize_environments_nolock 00000001400175f8 f   libucrt:environment_initialization.obj
 0001:0001663c       _get_initial_narrow_environment 000000014001763c f   libucrt:environment_initialization.obj
 0001:0001668c       _initialize_narrow_environment 000000014001768c f   libucrt:environment_initialization.obj
 0001:000169dc       _crt_atexit                00000001400179dc f   libucrt:onexit.obj
 0001:000169ec       _execute_onexit_table      00000001400179ec f   libucrt:onexit.obj
 0001:00016a30       _initialize_onexit_table   0000000140017a30 f   libucrt:onexit.obj
 0001:00016a58       _register_onexit_function  0000000140017a58 f   libucrt:onexit.obj
 0001:00016bcc       __acrt_initialize          0000000140017bcc f   libucrt:initialization.obj
 0001:00016be0       __acrt_uninitialize        0000000140017be0 f   libucrt:initialization.obj
 0001:00016c18       _query_app_type            0000000140017c18 f   libucrt:report_runtime_error.obj
 0001:00016c20       _set_app_type              0000000140017c20 f   libucrt:report_runtime_error.obj
 0001:00016c28       __acrt_has_user_matherr    0000000140017c28 f   libucrt:matherr.obj
 0001:00016c48       __acrt_initialize_user_matherr 0000000140017c48 f   libucrt:matherr.obj
 0001:00016c50       __acrt_invoke_user_matherr 0000000140017c50 f   libucrt:matherr.obj
 0001:00016c8c       __setusermatherr           0000000140017c8c f   libucrt:matherr.obj
 0001:00016cb4       _initterm                  0000000140017cb4 f   libucrt:initterm.obj
 0001:00016cf8       _initterm_e                0000000140017cf8 f   libucrt:initterm.obj
 0001:00016d40       _get_fmode                 0000000140017d40 f   libucrt:setmode.obj
 0001:00016d70       _set_fmode                 0000000140017d70 f   libucrt:setmode.obj
 0001:00016db0       _setmode_nolock            0000000140017db0 f   libucrt:setmode.obj
 0001:00016e94       __acrt_initialize_command_line 0000000140017e94 f   libucrt:argv_data.obj
 0001:00016ebc       __p___argc                 0000000140017ebc f   libucrt:argv_data.obj
 0001:00016ec4       __p___argv                 0000000140017ec4 f   libucrt:argv_data.obj
 0001:00017134       ?commit_locale_name@_expandlocale_locale_name_cache@@QEAAXQEB_W_K@Z 0000000140018134 f i libucrt:wsetlocale.obj
 0001:000171ac       __acrt_copy_locale_name    00000001400181ac f   libucrt:wsetlocale.obj
 0001:00017230       __acrt_set_locale_changed  0000000140018230 f   libucrt:wsetlocale.obj
 0001:0001723c       __acrt_uninitialize_locale 000000014001823c f   libucrt:wsetlocale.obj
 0001:0001726c       __lc_lctowcs               000000014001826c f   libucrt:wsetlocale.obj
 0001:00017310       __lc_wcstolc               0000000140018310 f   libucrt:wsetlocale.obj
 0001:00017478       _configthreadlocale        0000000140018478 f   libucrt:wsetlocale.obj
 0001:00017a24       _wcscats                   0000000140018a24 f   libucrt:wsetlocale.obj
 0001:00017a8c       _wsetlocale                0000000140018a8c f   libucrt:wsetlocale.obj
 0001:000187b8       _query_new_mode            00000001400197b8 f   libucrt:new_mode.obj
 0001:000187c0       _set_new_mode              00000001400197c0 f   libucrt:new_mode.obj
 0001:000187ec       __p__commode               00000001400197ec f   libucrt:ncommode.obj
 0001:000187f4       terminate                  00000001400197f4 f   libucrt:terminate.obj
 0001:00018afc       setlocale                  0000000140019afc f   libucrt:setlocale.obj
 0001:00018b48       __acrt_initialize_locks    0000000140019b48 f   libucrt:locks.obj
 0001:00018b90       __acrt_lock                0000000140019b90 f   libucrt:locks.obj
 0001:00018bac       __acrt_uninitialize_locks  0000000140019bac f   libucrt:locks.obj
 0001:00018be4       __acrt_unlock              0000000140019be4 f   libucrt:locks.obj
 0001:00018c00       _lock_locales              0000000140019c00 f   libucrt:locks.obj
 0001:00018c1c       _unlock_locales            0000000140019c1c f   libucrt:locks.obj
 0001:00018ce8       _fsopen                    0000000140019ce8 f   libucrt:fopen.obj
 0001:00018cf0       __pctype_func              0000000140019cf0 f   libucrt:ctype.obj
 0001:00018d20       islower                    0000000140019d20 f   libucrt:_ctype.obj
 0001:00018dd0       isupper                    0000000140019dd0 f   libucrt:_ctype.obj
 0001:00018e78       ___lc_codepage_func        0000000140019e78 f   libucrt:initctype.obj
 0001:00018ea8       ___lc_locale_name_func     0000000140019ea8 f   libucrt:initctype.obj
 0001:00018edc       __acrt_locale_initialize_ctype 0000000140019edc f   libucrt:initctype.obj
 0001:00019540       calloc                     000000014001a540 f   libucrt:calloc.obj
 0001:00019548       _wcsdup                    000000014001a548 f   libucrt:wcsdup.obj
 0001:000195cc       __acrt_errno_from_os_error 000000014001a5cc f   libucrt:errno.obj
 0001:00019614       __acrt_errno_map_os_error  000000014001a614 f   libucrt:errno.obj
 0001:0001965c       __acrt_errno_map_os_error_ptd 000000014001a65c f   libucrt:errno.obj
 0001:00019680       __doserrno                 000000014001a680 f   libucrt:errno.obj
 0001:000196a0       _errno                     000000014001a6a0 f   libucrt:errno.obj
 0001:000196c0       ??0_LocaleUpdate@@QEAA@QEAU__crt_locale_pointers@@@Z 000000014001a6c0 f i libucrt:strtod.obj
 0001:00019760       ?divide@__crt_strtox@@YA_KAEAUbig_integer@1@AEBU21@@Z 000000014001a760 f i libucrt:strtod.obj
 0001:00019c84       abort                      000000014001ac84 f   libucrt:abort.obj
 0001:00019cdc       __strncnt                  000000014001acdc f   libucrt:strncnt.obj
 0001:00019cf4       ??$__acrt_convert_wcs_mbs_cp@D_WV<lambda_7c9dea7b4ca7285d2cdb541a38da6275>@@U__crt_win32_buffer_internal_dynamic_resizing@@@@YAHQEBDAEAV?$__crt_win32_buffer@_WU__crt_win32_buffer_internal_dynamic_resizing@@@@AEBV<lambda_7c9dea7b4ca7285d2cdb541a38da6275>@@I@Z 000000014001acf4 f i libucrt:strftime.obj
 0001:00019e70       ??$__acrt_convert_wcs_mbs_cp@_WDV<lambda_f788ae46380686e8b737efdd8c720d07>@@U__crt_win32_buffer_no_resizing@@@@YAHQEB_WAEAV?$__crt_win32_buffer@DU__crt_win32_buffer_no_resizing@@@@AEBV<lambda_f788ae46380686e8b737efdd8c720d07>@@I@Z 000000014001ae70 f i libucrt:strftime.obj
 0001:00019f8c       ??$__crt_time_is_leap_year@H@@YA_NH@Z 000000014001af8c f i libucrt:wcsftime.obj
 0001:00019fe8       strnlen                    000000014001afe8 f   libucrt:strnlen.obj
 0001:0001a138       wcsnlen                    000000014001b138 f   libucrt:strnlen.obj
 0001:0001a310       strcpy_s                   000000014001b310 f   libucrt:strcpy_s.obj
 0001:0001a370       ??$parse_integer@KV?$c_string_character_source@_W@__crt_strtox@@$00@__crt_strtox@@YAKAEAV__crt_cached_ptd_host@@V?$c_string_character_source@_W@0@H_N@Z 000000014001b370 f i libucrt:atox.obj
 0001:0001ab0c       _wtol                      000000014001bb0c f   libucrt:atox.obj
 0001:0001abd0       strncmp                    000000014001bbd0 f   libucrt:strncmp.obj
 0001:0001ac50       wcsncmp                    000000014001bc50 f   libucrt:wcsncmp.obj
 0001:0001ac7c       _malloc_base               000000014001bc7c f   libucrt:malloc_base.obj
 0001:0001b054       __acrt_getptd              000000014001c054 f   libucrt:per_thread_data.obj
 0001:0001b128       __acrt_getptd_head         000000014001c128 f   libucrt:per_thread_data.obj
 0001:0001b1cc       __acrt_getptd_noexit       000000014001c1cc f   libucrt:per_thread_data.obj
 0001:0001b294       __acrt_getptd_noexit_explicit 000000014001c294 f   libucrt:per_thread_data.obj
 0001:0001b354       __acrt_initialize_ptd      000000014001c354 f   libucrt:per_thread_data.obj
 0001:0001b390       __acrt_uninitialize_ptd    000000014001c390 f   libucrt:per_thread_data.obj
 0001:0001b624       __acrt_AppPolicyGetProcessTerminationMethodInternal 000000014001c624 f   libucrt:winapi_thunks.obj
 0001:0001b67c       __acrt_AreFileApisANSI     000000014001c67c f   libucrt:winapi_thunks.obj
 0001:0001b6c0       __acrt_CompareStringEx     000000014001c6c0 f   libucrt:winapi_thunks.obj
 0001:0001b7ac       __acrt_EnumSystemLocalesEx 000000014001c7ac f   libucrt:winapi_thunks.obj
 0001:0001b84c       __acrt_FlsAlloc            000000014001c84c f   libucrt:winapi_thunks.obj
 0001:0001b854       __acrt_FlsFree             000000014001c854 f   libucrt:winapi_thunks.obj
 0001:0001b85c       __acrt_FlsGetValue         000000014001c85c f   libucrt:winapi_thunks.obj
 0001:0001b864       __acrt_FlsSetValue         000000014001c864 f   libucrt:winapi_thunks.obj
 0001:0001b86c       __acrt_GetLocaleInfoEx     000000014001c86c f   libucrt:winapi_thunks.obj
 0001:0001b8fc       __acrt_GetUserDefaultLocaleName 000000014001c8fc f   libucrt:winapi_thunks.obj
 0001:0001b968       __acrt_InitializeCriticalSectionEx 000000014001c968 f   libucrt:winapi_thunks.obj
 0001:0001b9d8       __acrt_IsValidLocaleName   000000014001c9d8 f   libucrt:winapi_thunks.obj
 0001:0001ba3c       __acrt_LCIDToLocaleName    000000014001ca3c f   libucrt:winapi_thunks.obj
 0001:0001bac0       __acrt_LCMapStringEx       000000014001cac0 f   libucrt:winapi_thunks.obj
 0001:0001bbac       __acrt_LocaleNameToLCID    000000014001cbac f   libucrt:winapi_thunks.obj
 0001:0001bc0c       __acrt_can_use_vista_locale_apis 000000014001cc0c f   libucrt:winapi_thunks.obj
 0001:0001bc3c       __acrt_eagerly_load_locale_apis 000000014001cc3c f   libucrt:winapi_thunks.obj
 0001:0001bd98       __acrt_initialize_winapi_thunks 000000014001cd98 f   libucrt:winapi_thunks.obj
 0001:0001bdbc       __acrt_uninitialize_winapi_thunks 000000014001cdbc f   libucrt:winapi_thunks.obj
 0001:0001be00       __acrt_initialize_timeset  000000014001ce00 f   libucrt:timeset.obj
 0001:0001be50       __daylight                 000000014001ce50 f   libucrt:timeset.obj
 0001:0001be58       __dstbias                  000000014001ce58 f   libucrt:timeset.obj
 0001:0001be60       __timezone                 000000014001ce60 f   libucrt:timeset.obj
 0001:0001be68       __tzname                   000000014001ce68 f   libucrt:timeset.obj
 0001:0001be70       __wide_tzname              000000014001ce70 f   libucrt:timeset.obj
 0001:0001be78       _get_daylight              000000014001ce78 f   libucrt:timeset.obj
 0001:0001bea8       _get_dstbias               000000014001cea8 f   libucrt:timeset.obj
 0001:0001bed8       _get_timezone              000000014001ced8 f   libucrt:timeset.obj
 0001:0001c190       _gmtime64_s                000000014001d190 f   libucrt:gmtime.obj
 0001:0001cd04       __tzset                    000000014001dd04 f   libucrt:tzset.obj
 0001:0001cd48       _isindst                   000000014001dd48 f   libucrt:tzset.obj
 0001:0001cd78       _fileno                    000000014001dd78 f   libucrt:fileno.obj
 0001:0001d5a8       _write                     000000014001e5a8 f   libucrt:write.obj
 0001:0001d640       _write_internal            000000014001e640 f   libucrt:write.obj
 0001:0001d760       _write_nolock              000000014001e760 f   libucrt:write.obj
 0001:0001dcd8       __acrt_stdio_flush_and_write_narrow_nolock 000000014001ecd8 f   libucrt:_flsbuf.obj
 0001:0001dda4       __acrt_stdio_flush_and_write_wide_nolock 000000014001eda4 f   libucrt:_flsbuf.obj
 0001:0001de70       __acrt_should_use_temporary_buffer 000000014001ee70 f   libucrt:_sftbuf.obj
 0001:0001debc       __acrt_stdio_begin_temporary_buffering_nolock 000000014001eebc f   libucrt:_sftbuf.obj
 0001:0001df84       __acrt_stdio_end_temporary_buffering_nolock 000000014001ef84 f   libucrt:_sftbuf.obj
 0001:0001dfc4       _free_base                 000000014001efc4 f   libucrt:free_base.obj
 0001:0001e078       _close_internal            000000014001f078 f   libucrt:close.obj
 0001:0001e13c       _close_nolock              000000014001f13c f   libucrt:close.obj
 0001:0001e1d4       _close_nolock_internal     000000014001f1d4 f   libucrt:close.obj
 0001:0001e2a4       ?__acrt_stdio_allocate_stream@@YA?AV__crt_stdio_stream@@XZ 000000014001f2a4 f   libucrt:stream.obj
 0001:0001e2fc       ?__acrt_stdio_free_stream@@YAXV__crt_stdio_stream@@@Z 000000014001f2fc f   libucrt:stream.obj
 0001:0001e404       __acrt_stdio_free_buffer_nolock 000000014001f404 f   libucrt:_freebuf.obj
 0001:0001e448       _calloc_base               000000014001f448 f   libucrt:calloc_base.obj
 0001:0001e4c0       _fcloseall                 000000014001f4c0 f   libucrt:closeall.obj
 0001:0001e76c       __acrt_initialize_lowio    000000014001f76c f   libucrt:ioinit.obj
 0001:0001e7a8       __acrt_uninitialize_lowio  000000014001f7a8 f   libucrt:ioinit.obj
 0001:0001e7e8       __acrt_stdio_allocate_buffer_nolock 000000014001f7e8 f   libucrt:_getbuf.obj
 0001:0001e854       __acrt_stdio_refill_and_read_narrow_nolock 000000014001f854 f   libucrt:_filbuf.obj
 0001:0001ee44       _read                      000000014001fe44 f   libucrt:read.obj
 0001:0001ef64       _read_nolock               000000014001ff64 f   libucrt:read.obj
 0001:0001f580       _lseeki64                  0000000140020580 f   libucrt:lseek.obj
 0001:0001f61c       _lseeki64_internal         000000014002061c f   libucrt:lseek.obj
 0001:0001f624       _lseeki64_nolock           0000000140020624 f   libucrt:lseek.obj
 0001:0001f6c0       _lseeki64_nolock_internal  00000001400206c0 f   libucrt:lseek.obj
 0001:0001fbbc       _ftelli64                  0000000140020bbc f   libucrt:ftell.obj
 0001:0001fc58       _ftelli64_nolock_internal  0000000140020c58 f   libucrt:ftell.obj
 0001:0001fcec       _commit                    0000000140020cec f   libucrt:commit.obj
 0001:0001fd80       __acrt_update_locale_info  0000000140020d80 f   libucrt:locale_update.obj
 0001:0001fdb4       __acrt_update_locale_info_explicit 0000000140020db4 f   libucrt:locale_update.obj
 0001:0001fdec       __acrt_update_multibyte_info 0000000140020dec f   libucrt:locale_update.obj
 0001:0001fe20       __acrt_update_multibyte_info_explicit 0000000140020e20 f   libucrt:locale_update.obj
 0001:0002096c       __acrt_fp_format           000000014002196c f   libucrt:cvt.obj
 0001:00020c54       _wctomb_internal           0000000140021c54 f   libucrt:wctomb.obj
 0001:00020e04       _mbtowc_internal           0000000140021e04 f   libucrt:mbtowc.obj
 0001:00020f7c       _get_printf_count_output   0000000140021f7c f   libucrt:printf_count_output.obj
 0001:00020f94       __acrt_app_verifier_enabled 0000000140021f94 f   libucrt:peb_access.obj
 0001:00020fb0       __acrt_is_secure_process   0000000140021fb0 f   libucrt:peb_access.obj
 0001:00020fc8       __acrt_get_process_end_policy 0000000140021fc8 f   libucrt:win_policies.obj
 0001:0002100c       ??$__acrt_convert_wcs_mbs_cp@_WDV<lambda_d8593a27d1aa8c02be35c86a17d324c4>@@U__crt_win32_buffer_internal_dynamic_resizing@@@@YAHQEB_WAEAV?$__crt_win32_buffer@DU__crt_win32_buffer_internal_dynamic_resizing@@@@AEBV<lambda_d8593a27d1aa8c02be35c86a17d324c4>@@I@Z 000000014002200c f i libucrt:argv_wildcards.obj
 0001:000218b0       __acrt_expand_narrow_argv_wildcards 00000001400228b0 f   libucrt:argv_wildcards.obj
 0001:000218b8       __acrt_GetModuleFileNameA  00000001400228b8 f   libucrt:getmodulefilenamea.obj
 0001:000221d4       __acrt_initialize_multibyte 00000001400231d4 f   libucrt:mbctype.obj
 0001:00022234       __acrt_update_thread_multibyte_data 0000000140023234 f   libucrt:mbctype.obj
 0001:00022250       _setmbcp_nolock            0000000140023250 f   libucrt:mbctype.obj
 0001:00022584       _ismbblead                 0000000140023584 f   libucrt:ismbbyte.obj
 0001:00022598       wcscpy_s                   0000000140023598 f   libucrt:wcscpy_s.obj
 0001:00022600       __acrt_MultiByteToWideChar 0000000140023600 f   libucrt:multibytetowidechar.obj
 0001:00022690       __acrt_WideCharToMultiByte 0000000140023690 f   libucrt:widechartomultibyte.obj
 0001:00022770       __dcrt_get_narrow_environment_from_os 0000000140023770 f   libucrt:get_environment_from_os.obj
 0001:00022880       __dcrt_get_wide_environment_from_os 0000000140023880 f   libucrt:get_environment_from_os.obj
 0001:000231b0       __dcrt_set_variable_in_narrow_environment_nolock 00000001400241b0 f   libucrt:setenv.obj
 0001:000231b8       __dcrt_set_variable_in_wide_environment_nolock 00000001400241b8 f   libucrt:setenv.obj
 0001:000231c0       _recalloc_base             00000001400241c0 f   libucrt:recalloc.obj
 0001:00023258       __acrt_initialize_heap     0000000140024258 f   libucrt:heap_handle.obj
 0001:00023274       __acrt_uninitialize_heap   0000000140024274 f   libucrt:heap_handle.obj
[...]
 0002:00010b1c       $unwind$__dcrt_get_narrow_environment_from_os 0000000140040b1c     libucrt:get_environment_from_os.obj
 0002:00010b1c       $unwind$??$__acrt_convert_wcs_mbs_cp@_WDV<lambda_d8593a27d1aa8c02be35c86a17d324c4>@@U__crt_win32_buffer_internal_dynamic_resizing@@@@YAHQEB_WAEAV?$__crt_win32_buffer@DU__crt_win32_buffer_internal_dynamic_resizing@@@@AEBV<lambda_d8593a27d1aa8c02be35c86a17d324c4>@@I@Z 0000000140040b1c     libucrt:argv_wildcards.obj
 0002:00010b34       $unwind$??$expand_argument_wildcards@D@@YAHQEAD0AEAV?$argument_list@D@?A0x5f5c8891@@@Z 0000000140040b34     libucrt:argv_wildcards.obj
 0002:00010b54       $unwind$__acrt_GetModuleFileNameA 0000000140040b54     libucrt:getmodulefilenamea.obj
 0002:00010b70       $unwind$_setmbcp_nolock    0000000140040b70     libucrt:mbctype.obj
 0002:00010b90       $unwind$__dcrt_lowio_ensure_console_output_initialized 0000000140040b90     libucrt:initcon.obj
 0002:00010b90       $unwind$?__mbrtowc_utf8@__crt_mbstring@@YA_KPEA_WPEBD_KPEAU_Mbstatet@@AEAV__crt_cached_ptd_host@@@Z 0000000140040b90     libucrt:mbrtowc.obj
 0002:00010b90       $unwind$?getSystemCP@@YAHH@Z 0000000140040b90     libucrt:mbctype.obj
 0002:00010b98       $unwind$?update_thread_multibyte_data_internal@@YAPEAU__crt_multibyte_data@@QEAU__acrt_ptd@@QEAPEAU1@@Z 0000000140040b98     libucrt:mbctype.obj
 0002:00010bc0       $unwind$?setmbcp_internal@@YAHH_NQEAU__acrt_ptd@@QEAPEAU__crt_multibyte_data@@@Z 0000000140040bc0     libucrt:mbctype.obj
 0002:00010bd8       $unwind$?setSBUpLow@@YAXPEAU__crt_multibyte_data@@@Z 0000000140040bd8     libucrt:mbctype.obj
 0002:00010bf4       $unwind$??$?RV<lambda_efdfa57d1f175319df784efa44bb7b81>@@AEAV<lambda_5f0a4c1567f8adc6734073e5d1e1b35c>@@V<lambda_2e8a7d3640ea6ccb4c2413664c2db6fd>@@@?$__crt_seh_guarded_call@X@@QEAAX$$QEAV<lambda_efdfa57d1f175319df784efa44bb7b81>@@AEAV<lambda_5f0a4c1567f8adc6734073e5d1e1b35c>@@$$QEAV<lambda_2e8a7d3640ea6ccb4c2413664c2db6fd>@@@Z 0000000140040bf4     libucrt:mbctype.obj
 0002:00010c18       $unwind$__acrt_WideCharToMultiByte 0000000140040c18     libucrt:widechartomultibyte.obj
 0002:00010c24       $unwind$??$common_set_variable_in_environment_nolock@D@@YAHQEADH@Z 0000000140040c24     libucrt:setenv.obj
 0002:00010c3c       $unwind$??$copy_environment@D@@YAPEAPEADQEAPEAD@Z 0000000140040c3c     libucrt:setenv.obj
 0002:00010c50       $unwind$_alloc_osfhnd      0000000140040c50     libucrt:osfinfo.obj
 0002:00010c80       $unwind$__acrt_lowio_destroy_handle_array 0000000140040c80     libucrt:osfinfo.obj
 0002:00010c90       $unwind$__acrt_lowio_ensure_fh_exists 0000000140040c90     libucrt:osfinfo.obj
 0002:00010cbc       $unwind$__acrt_locale_initialize_monetary 0000000140040cbc     libucrt:initmon.obj
 0002:00010cbc       $unwind$?initialize_lc_time@@YA_NQEAU__crt_lc_time_data@@QEAU__crt_locale_data@@@Z 0000000140040cbc     libucrt:inittime.obj
 0002:00010cd8       $unwind$__acrt_locale_free_monetary 0000000140040cd8     libucrt:initmon.obj
 0002:00010ce0       $unwind$__acrt_locale_free_time 0000000140040ce0     libucrt:inittime.obj
 0002:00010cf0       $unwind$__acrt_GetStringTypeA 0000000140040cf0     libucrt:getstringtypea.obj
 0002:00010d18       $unwind$__acrt_update_thread_locale_data 0000000140040d18     libucrt:locale_refcounting.obj
 0002:00010d3c       $unwind$__acrt_get_qualified_locale 0000000140040d3c     libucrt:get_qualified_locale.obj
 0002:00010d58       $unwind$LangCountryEnumProcEx 0000000140040d58     libucrt:get_qualified_locale.obj
 0002:00010d78       $unwind$LanguageEnumProcEx 0000000140040d78     libucrt:get_qualified_locale.obj
 0002:00010d94       $unwind$GetLocaleNameFromDefault 0000000140040d94     libucrt:get_qualified_locale.obj
 0002:00010dac       $unwind$TestDefaultCountry 0000000140040dac     libucrt:get_qualified_locale.obj
 0002:00010dc0       $unwind$__acrt_get_qualified_locale_downlevel 0000000140040dc0     libucrt:getqloc_downlevel.obj
 0002:00010ddc       $unwind$LangCountryEnumProc 0000000140040ddc     libucrt:getqloc_downlevel.obj
 0002:00010dfc       $unwind$LanguageEnumProc   0000000140040dfc     libucrt:getqloc_downlevel.obj
 0002:00010e18       $unwind$CountryEnumProc    0000000140040e18     libucrt:getqloc_downlevel.obj
 0002:00010e38       $unwind$?_mbstowcs_l_helper@@YA_KPEA_WPEBD_KAEAV__crt_cached_ptd_host@@@Z 0000000140040e38     libucrt:mbstowcs.obj
 0002:00010e58       $ip2state$?_mbstowcs_l_helper@@YA_KPEA_WPEBD_KAEAV__crt_cached_ptd_host@@@Z 0000000140040e58     libucrt:mbstowcs.obj
 0002:00010e60       $unwind$?_mbstowcs_internal@@YAHPEA_KPEA_W_KPEBD2AEAV__crt_cached_ptd_host@@@Z 0000000140040e60     libucrt:mbstowcs.obj
 0002:00010e60       $unwind$?_wcstombs_internal@@YAHPEA_KPEAD_KPEB_W2AEAV__crt_cached_ptd_host@@@Z 0000000140040e60     libucrt:wcstombs.obj
 0002:00010e78       $unwind$?_wcstombs_l_helper@@YA_KPEADPEB_W_KAEAV__crt_cached_ptd_host@@@Z 0000000140040e78     libucrt:wcstombs.obj
 0002:00010e98       $unwind$_openfile          0000000140040e98     libucrt:openfile.obj
 0002:00010eac       $unwind$_isctype_l         0000000140040eac     libucrt:isctype.obj
 0002:00010ec8       $unwind$__acrt_GetLocaleInfoA 0000000140040ec8     libucrt:getlocaleinfoa.obj
 0002:00010ee8       $unwind$?InternalGetLocaleInfoA@@YAHQEAU__crt_locale_pointers@@QEB_WKQEADH@Z 0000000140040ee8     libucrt:getlocaleinfoa.obj
 0002:00010f10       $unwind$__acrt_LCMapStringA 0000000140040f10     libucrt:lcmapstringa.obj
 0002:00010f20       $unwind$?__acrt_LCMapStringA_stat@@YAHPEAU__crt_locale_pointers@@PEB_WKPEBDHPEADHHH@Z 0000000140040f20     libucrt:lcmapstringa.obj
 0002:00010f48       $unwind$_raise_exc_ex      0000000140040f48     libucrt:fpexcept.obj
 0002:00010f5c       $unwind$_ctrlfp            0000000140040f5c     libucrt:fpctrl.obj
 0002:00010f84       $unwind$_wcsicmp_l         0000000140040f84     libucrt:wcsicmp.obj
 0002:00010f9c       $unwind$??$common_getenv_s@_W@@YAHQEA_KQEA_W_KQEB_W@Z 0000000140040f9c     libucrt:getenv.obj
 0002:00010fdc       $unwind$?__mbsrtowcs_utf8@__crt_mbstring@@YA_KPEA_WPEAPEBD_KPEAU_Mbstatet@@AEAV__crt_cached_ptd_host@@@Z 0000000140040fdc     libucrt:mbrtowc.obj
 0002:00010ff4       $unwind$_putwch_nolock     0000000140040ff4     libucrt:putwch.obj
 0002:00010ffc       $unwind$__acrt_fltout      0000000140040ffc     libucrt:cfout.obj
 0002:0001101c       $unwind$qsort              000000014004101c     libucrt:qsort.obj
 0002:00011034       $chain$4$qsort             0000000140041034     libucrt:qsort.obj
 0002:00011058       $chain$5$qsort             0000000140041058     libucrt:qsort.obj
 0002:00011068       $unwind$strpbrk            0000000140041068     libucrt:strpbrk.obj
 0002:00011078       $unwind$fallbackMethod     0000000140041078     libucrt:strpbrk.obj
 0002:00011088       $unwind$_mbsdec_l          0000000140041088     libucrt:mbsdec.obj
 0002:00011094       $unwind$_strnicoll_l       0000000140041094     libucrt:strnicol.obj
 0002:000110a8       $unwind$__acrt_SetEnvironmentVariableA 00000001400410a8     libucrt:setenvironmentvariablea.obj
 0002:000110c4       $unwind$_wcsnicmp_l        00000001400410c4     libucrt:wcsnicmp.obj
 0002:000110e0       $unwind$?__wcsrtombs_utf8@__crt_mbstring@@YA_KPEADPEAPEB_W_KPEAU_Mbstatet@@AEAV__crt_cached_ptd_host@@@Z 00000001400410e0     libucrt:wcrtomb.obj
 0002:00011100       $unwind$_sopen_nolock      0000000140041100     libucrt:open.obj
 0002:0001111c       $unwind$_wsopen_nolock     000000014004111c     libucrt:open.obj
 0002:0001113c       $unwind$??$common_sopen_dispatch@D@@YAHQEBDHHHQEAHH@Z 000000014004113c     libucrt:open.obj
 0002:00011160       $unwind$?truncate_ctrl_z_if_present@@YAHH@Z 0000000140041160     libucrt:open.obj
 0002:00011170       $unwind$?configure_text_mode@@YAHHUfile_options@?A0xa9d50aae@@HAEAW4__crt_lowio_text_mode@@@Z 0000000140041170     libucrt:open.obj
 0002:00011188       $xdatasym                  0000000140041188     libucrt:fpsr.obj
 0002:00011190       $unwind$__acrt_fenv_get_control 0000000140041190     libucrt:_fenvutils.obj
 0002:00011198       $unwind$__acrt_fenv_set_control 0000000140041198     libucrt:_fenvutils.obj
 0002:000111a8       $unwind$_towlower_l        00000001400411a8     libucrt:towlower.obj
 0002:000111b0       $unwind$?__mbrtoc32_utf8@__crt_mbstring@@YA_KPEA_UPEBD_KPEAU_Mbstatet@@AEAV__crt_cached_ptd_host@@@Z 00000001400411b0     libucrt:mbrtoc32.obj
 0002:000111d0       $xdatasym                  00000001400411d0     libucrt:log10.obj
 0002:000111dc       $unwind$?InternalCompareStringA@@YAHPEAU__crt_locale_pointers@@PEB_WKPEBDH2HH@Z 00000001400411dc     libucrt:comparestringa.obj
 0002:00011200       $unwind$common_control87   0000000140041200     libucrt:ieee.obj
 0002:0001122c       $unwind$_call_matherr      000000014004122c     libucrt:libm_error.obj
 0002:00011234       $unwind$_handle_error      0000000140041234     libucrt:libm_error.obj
 0002:00011254       $unwind$__acrt_initialize_fma3 0000000140041254     libucrt:fma3_available.obj
 0002:0001125c       $unwind$_log_special_common 000000014004125c     libucrt:log_special.obj
 0002:00011268       $unwind$__GSHandlerCheckCommon 0000000140041268     libcmt:gshandler.obj
 0002:00011270       $xdatasym                  0000000140041270     libcmt:amdsecgs.obj
 0002:00011278       $xdatasym                  0000000140041278     libcmt:chkstk.obj
 0002:00011280       $unwind$_IsNonwritableInCurrentImage 0000000140041280     libcmt:pesect.obj
 0002:000112a4       $unwind$__report_securityfailure 00000001400412a4     libcmt:gs_report.obj
 0002:000112ac       $unwind$__report_gsfailure 00000001400412ac     libcmt:gs_report.obj
 0002:000112b4       $unwind$capture_current_context 00000001400412b4     libcmt:gs_report.obj
 0002:000112c0       $unwind$capture_previous_context 00000001400412c0     libcmt:gs_report.obj
 0002:000112cc       $unwind$_local_unwind      00000001400412cc     libvcruntime:jmpuwind.obj
 0002:00011a5a       .idata$6                   0000000140041a5a     kernel32:KERNEL32.dll
 0003:00000654       ?init@std@@3JA             0000000140042654     libcpmt:xlock.obj
 0003:00000660       ?valid@?1???$_Xfiopen@D@?A0x6dc13635@@YAPEAU_iobuf@@PEBDHH@Z@4QBHB 0000000140042660     libcpmt:fiopen.obj
 0003:000006b0       ?atcount_cdecl@@3_KA       00000001400426b0     libcpmt:iosptrs.obj
 0003:000006c0       ?__vcrt_flsindex@@3KA      00000001400426c0     libvcruntime:per_thread_data.obj
 0003:000007e0       _ctype_loc_style           00000001400427e0     libucrt:wsetlocale.obj
 0003:000007f8       ?errno_no_memory@@3HA      00000001400427f8     libucrt:errno.obj
 0003:000007fc       ?doserrno_no_memory@@3KA   00000001400427fc     libucrt:errno.obj
 0003:000008b0       ?__acrt_flsindex@@3KA      00000001400428b0     libucrt:per_thread_data.obj
 0003:000008c0       ?tzstd_program@@3PADA      00000001400428c0     libucrt:timeset.obj
 0003:00000900       ?tzdst_program@@3PADA      0000000140042900     libucrt:timeset.obj
 0003:00000940       ?w_tzstd_program@@3PA_WA   0000000140042940     libucrt:timeset.obj
 0003:000009c0       ?w_tzdst_program@@3PA_WA   00000001400429c0     libucrt:timeset.obj
 0003:00000a40       ?tzname_states@@3PAY01PEADA 0000000140042a40     libucrt:timeset.obj
 0003:00000a50       ?w_tzname_states@@3PAY01PEA_WA 0000000140042a50     libucrt:timeset.obj
 0003:00000a60       ?dststart@@3Utransitiondate@?A0x7639d0b4@@A 0000000140042a60     libucrt:tzset.obj
 0003:00000a70       ?dstend@@3Utransitiondate@?A0x7639d0b4@@A 0000000140042a70     libucrt:tzset.obj
 0003:00000f70       _mbctypes                  0000000140042f70     libucrt:mbctype.obj
 0003:00001080       _mbcasemaps                0000000140043080     libucrt:mbctype.obj
 0003:00001180       ?__rgctypeflag@@3PADA      0000000140043180     libucrt:mbctype.obj
 0003:00001190       ?__rgcode_page_info@@3PAUcode_page_info@@A 0000000140043190     libucrt:mbctype.obj
 0003:00001284       ?dazSupported@?1??_ctrlfp@@9@9 0000000140043284     libucrt:fpctrl.obj
 0003:00001290       ?__dcrt_lowio_console_output_handle@@3PEAXEA 0000000140043290     libucrt:initcon.obj
 0003:000012a0       ?dazSupported@?1??common_control87@@9@9 00000001400432a0     libucrt:ieee.obj
 0003:00001390       gotSigCtrlC                0000000140043390     Signals-d0fc7b.o
 0003:000013d0       ?g_tss_cv@@3U_RTL_CONDITION_VARIABLE@@A 00000001400433d0     libcmt:thread_safe_statics.obj
 0003:000013d8       ?g_tss_srw@@3U_RTL_SRWLOCK@@A 00000001400433d8     libcmt:thread_safe_statics.obj
 0003:000013f0       ?is_initialized_as_dll@@3_NA 00000001400433f0     libcmt:utility.obj
 0003:000013f1       ?module_local_atexit_table_initialized@@3_NA 00000001400433f1     libcmt:utility.obj
 0003:000013f8       ?module_local_atexit_table@@3U_onexit_table_t@@A 00000001400433f8     libcmt:utility.obj
 0003:00001410       ?module_local_at_quick_exit_table@@3U_onexit_table_t@@A 0000000140043410     libcmt:utility.obj
 0003:00001460       ?stdstr@std@@3PAPEAVios_base@1@A 0000000140043460     libcpmt:ios.obj
 0003:000014b0       ?stdopens@std@@3PADA       00000001400434b0     libcpmt:ios.obj
 0003:000014f0       ?classic_locale@std@@3Vlocale@1@A 00000001400434f0     libcpmt:locale0.obj
 0003:00001508       ?_Fac_head@std@@3PEAU_Fac_node@1@EA 0000000140043508     libcpmt:locale0.obj
 0003:00001510       ?_Fac_tidy_reg@std@@3U_Fac_tidy_reg_t@1@B 0000000140043510     libcpmt:locale0.obj
 0003:00001518       global_locale              0000000140043518     libcpmt:locale0.obj
 0003:00001520       ?registered@?1??_Setgloballocale@locale@std@@CAXPEAX@Z@4_NA 0000000140043520     libcpmt:locale0.obj
 0003:00001530       ?initlocks@std@@3V_Init_locks@1@A 0000000140043530     libcpmt:xlock.obj
 0003:00001540       ?mtx@std@@3PAU_RTL_CRITICAL_SECTION@@A 0000000140043540     libcpmt:xlock.obj
 0003:00001680       ?freq_cached@?1??_Query_perf_frequency@@9@4U?$atomic@_J@std@@A 0000000140043680     libcpmt:xtime.obj
 0003:000016e0       ?initlocks@std@@3V_Init_locks@1@A 00000001400436e0     libcpmt:iosptrs.obj
 0003:000016e1       ?init_atexit@@3U_Init_atexit@@A 00000001400436e1     libcpmt:iosptrs.obj
 0003:000016f0       ?atfuns_cdecl@@3PAP6AXXZA  00000001400436f0     libcpmt:iosptrs.obj
 0003:00001740       ?__KERNEL32Functions@?A0x995b63b9@@3PAPEAXA 0000000140043740     libcpmt:winapisupp.obj
 0003:00001760       ?_Thread_exit_data@?A0x7f1b0160@@3U_At_thread_exit_block@1@A 0000000140043760     libcpmt:xnotify.obj
 0003:00001b90       ?__vcrt_startup_thread_ptd@@3U__vcrt_ptd@@A 0000000140043b90     libvcruntime:per_thread_data.obj
 0003:00001c18       __vcrt_lock_table          0000000140043c18     libvcruntime:locks.obj
 0003:00001c40       __vcrt_locks_initialized   0000000140043c40     libvcruntime:locks.obj
 0003:00001c88       ?heap@@3V_HeapManager@@A   0000000140043c88     libvcruntime:undname.obj
 0003:00001cb0       ?module_handles@@3PAPEAUHINSTANCE__@@A 0000000140043cb0     libvcruntime:winapi_downlevel.obj
 0003:00001cc8       ?function_pointers@@3PAPEAXA 0000000140043cc8     libvcruntime:winapi_downlevel.obj
 0003:00001cf0       ?console_ctrl_handler_installed@@3_NA 0000000140043cf0     libucrt:signal.obj
 0003:00001cf8       ?ctrlc_action@@3V?$dual_state_global@P6AXH@Z@__crt_state_management@@A 0000000140043cf8     libucrt:signal.obj
 0003:00001d00       ?ctrlbreak_action@@3V?$dual_state_global@P6AXH@Z@__crt_state_management@@A 0000000140043d00     libucrt:signal.obj
 0003:00001d08       ?abort_action@@3V?$dual_state_global@P6AXH@Z@__crt_state_management@@A 0000000140043d08     libucrt:signal.obj
 0003:00001d10       ?term_action@@3V?$dual_state_global@P6AXH@Z@__crt_state_management@@A 0000000140043d10     libucrt:signal.obj
 0003:00001d30       ?__acrt_invalid_parameter_handler@@3V?$dual_state_global@P6AXPEB_W00I_K@Z@__crt_state_management@@A 0000000140043d30     libucrt:invalid_parameter.obj
 0003:00001d38       ?__acrt_new_handler@@3V?$dual_state_global@P6AH_K@Z@__crt_state_management@@A 0000000140043d38     libucrt:new_handler.obj
 0003:00001d40       ?c_termination_complete@@3JA 0000000140043d40     libucrt:exit.obj
 0003:00001d48       ?thread_local_exit_callback_func@@3P6AXPEAXK0@ZEA 0000000140043d48     libucrt:exit.obj
 0003:00001d50       ?c_exit_complete@?1???R<lambda_6e4b09c48022b2350581041d5f6b0c4c>@@QEBA@XZ@4_NA 0000000140043d50     libucrt:exit.obj
 0003:00001d60       ?program_name@?1???$common_configure_argv@D@@YAHW4_crt_argv_mode@@@Z@4PADA 0000000140043d60     libucrt:argv_parsing.obj
 0003:00001eb8       ?__acrt_app_type@@3W4_crt_app_type@@A 0000000140043eb8     libucrt:report_runtime_error.obj
 0003:00001ec0       ?user_matherr@@3V?$dual_state_global@P6AHPEAU_exception@@@Z@__crt_state_management@@A 0000000140043ec0     libucrt:matherr.obj
 0003:00001efc       ?__acrt_global_new_mode@@3V?$dual_state_global@J@__crt_state_management@@A 0000000140043efc     libucrt:new_mode.obj
 0003:00001f10       ?__acrt_lock_table@@3PAU_RTL_CRITICAL_SECTION@@A 0000000140043f10     libucrt:locks.obj
 0003:00002140       ?__acrt_locks_initialized@@3IA 0000000140044140     libucrt:locks.obj
 0003:00002150       ?module_handles@@3PAPEAUHINSTANCE__@@A 0000000140044150     libucrt:winapi_thunks.obj
 0003:00002200       ?encoded_function_pointers@@3PAPEAXA 0000000140044200     libucrt:winapi_thunks.obj
 0003:000022f8       ?static_enum_proc@?1??enum_system_locales_ex_nolock@@YAHQ6AHPEA_WK_J@Z@Z@4P6AH0K1@ZEA 00000001400442f8     libucrt:winapi_thunks.obj
 0003:00002310       ?_tzname@@3V?$dual_state_global@PEAPEAD@__crt_state_management@@A 0000000140044310     libucrt:timeset.obj
 0003:00002318       ?w_tzname@@3V?$dual_state_global@PEAPEA_W@__crt_state_management@@A 0000000140044318     libucrt:timeset.obj
 0003:00002320       ?last_wide_tz@@3PEA_WEA    0000000140044320     libucrt:tzset.obj
 0003:00002330       ?tz_api_used@@3HA          0000000140044330     libucrt:tzset.obj
 0003:00002334       ?tzset_init_state@@3V?$dual_state_global@J@__crt_state_management@@A 0000000140044334     libucrt:tzset.obj
 0003:00002340       ?tz_info@@3U_TIME_ZONE_INFORMATION@@A 0000000140044340     libucrt:tzset.obj
 0003:00002818       ?internal_state@?1??_mbtowc_internal@@9@4U_Mbstatet@@A 0000000140044818     libucrt:mbtowc.obj
 0003:00002820       ?enable_percent_n@@3_KA    0000000140044820     libucrt:printf_count_output.obj
 0003:00002840       ?fSystemSet@@3HA           0000000140044840     libucrt:mbctype.obj
 0003:00002844       ?initialized@?1??__acrt_initialize_multibyte@@9@4_NA 0000000140044844     libucrt:mbctype.obj
 0003:00002858       ?internal_pst@?1??__mbrtoc32_utf8@__crt_mbstring@@YA_KPEA_UPEBD_KPEAU_Mbstatet@@AEAV__crt_cached_ptd_host@@@Z@4U3@A 0000000140044858     libucrt:mbrtoc32.obj
 0003:00002860       ?internal_pst@?1??__c16rtomb_utf8@__crt_mbstring@@YA_KPEAD_SPEAU_Mbstatet@@AEAV__crt_cached_ptd_host@@@Z@4U3@A 0000000140044860     libucrt:c16rtomb.obj
 0003:00002880       GS_ExceptionRecord         0000000140044880     libcmt:gs_report.obj
 0003:00002920       GS_ContextRecord           0000000140044920     libcmt:gs_report.obj
 0005:00000000       MoveSmall                  0000000140048000     libvcruntime:memcpy.obj
 0005:00000040       MoveSmallYmm               0000000140048040     libvcruntime:memcpy.obj
 0005:00000064       MoveSmallYmmNT             0000000140048064     libvcruntime:memcpy.obj
 0005:00000088       MoveSmallXmm               0000000140048088     libvcruntime:memcpy.obj
 0005:000000b0       SetSmall                   00000001400480b0     libvcruntime:memset.obj
 0005:000000f0       SetSmallYmm                00000001400480f0     libvcruntime:memset.obj
 0005:00000114       SetSmallYmmNT              0000000140048114     libvcruntime:memset.obj
 0005:00000138       SetSmallXmm                0000000140048138     libvcruntime:memset.obj
